Component: ARM Compiler 5.06 update 1 (build 61) Tool: armlink [4d35a8]

==============================================================================

Section Cross References

    gd32f10x_it.o(i.SysTick_Handler) refers to main.o(i.led_spark) for led_spark
    gd32f10x_it.o(i.SysTick_Handler) refers to systick.o(i.delay_decrement) for delay_decrement
    gd32f10x_it.o(i.SysTick_Handler) refers to timer.o(i.HAL_SYSTICK_Callback) for HAL_SYSTICK_Callback
    gd32f10x_it.o(i.UART3_IRQHandler) refers to gd32f10x_usart.o(i.usart_interrupt_flag_get) for usart_interrupt_flag_get
    gd32f10x_it.o(i.UART3_IRQHandler) refers to gd32f10x_usart.o(i.usart_data_receive) for usart_data_receive
    gd32f10x_it.o(i.UART3_IRQHandler) refers to main.o(.data) for huart4
    gd32f10x_it.o(i.UART4_IRQHandler) refers to gd32f10x_usart.o(i.usart_interrupt_flag_get) for usart_interrupt_flag_get
    gd32f10x_it.o(i.UART4_IRQHandler) refers to gd32f10x_usart.o(i.usart_data_receive) for usart_data_receive
    gd32f10x_it.o(i.UART4_IRQHandler) refers to main.o(.data) for huart5
    gd32f10x_it.o(i.USART0_IRQHandler) refers to gd32f10x_usart.o(i.usart_interrupt_flag_get) for usart_interrupt_flag_get
    gd32f10x_it.o(i.USART0_IRQHandler) refers to gd32f10x_usart.o(i.usart_data_receive) for usart_data_receive
    gd32f10x_it.o(i.USART0_IRQHandler) refers to main.o(.data) for huart1
    gd32f10x_it.o(i.USART1_IRQHandler) refers to gd32f10x_usart.o(i.usart_interrupt_flag_get) for usart_interrupt_flag_get
    gd32f10x_it.o(i.USART1_IRQHandler) refers to gd32f10x_usart.o(i.usart_data_receive) for usart_data_receive
    gd32f10x_it.o(i.USART1_IRQHandler) refers to main.o(.data) for huart2
    gd32f10x_it.o(i.USART2_IRQHandler) refers to gd32f10x_usart.o(i.usart_interrupt_flag_get) for usart_interrupt_flag_get
    gd32f10x_it.o(i.USART2_IRQHandler) refers to gd32f10x_usart.o(i.usart_data_receive) for usart_data_receive
    gd32f10x_it.o(i.USART2_IRQHandler) refers to main.o(.data) for huart3
    main.o(i.Uart1Init) refers to gd32f10x_misc.o(i.nvic_irq_enable) for nvic_irq_enable
    main.o(i.Uart1Init) refers to gd32f10x_rcu.o(i.rcu_periph_clock_enable) for rcu_periph_clock_enable
    main.o(i.Uart1Init) refers to gd32f10x_gpio.o(i.gpio_init) for gpio_init
    main.o(i.Uart1Init) refers to main.o(i.UartConfig) for UartConfig
    main.o(i.Uart1Send) refers to gd32f10x_usart.o(i.usart_data_transmit) for usart_data_transmit
    main.o(i.Uart1Send) refers to gd32f10x_usart.o(i.usart_flag_get) for usart_flag_get
    main.o(i.Uart2Init) refers to gd32f10x_misc.o(i.nvic_irq_enable) for nvic_irq_enable
    main.o(i.Uart2Init) refers to gd32f10x_rcu.o(i.rcu_periph_clock_enable) for rcu_periph_clock_enable
    main.o(i.Uart2Init) refers to gd32f10x_gpio.o(i.gpio_init) for gpio_init
    main.o(i.Uart2Init) refers to main.o(i.UartConfig) for UartConfig
    main.o(i.Uart2Send) refers to gd32f10x_usart.o(i.usart_data_transmit) for usart_data_transmit
    main.o(i.Uart2Send) refers to gd32f10x_usart.o(i.usart_flag_get) for usart_flag_get
    main.o(i.Uart3Init) refers to gd32f10x_misc.o(i.nvic_irq_enable) for nvic_irq_enable
    main.o(i.Uart3Init) refers to gd32f10x_rcu.o(i.rcu_periph_clock_enable) for rcu_periph_clock_enable
    main.o(i.Uart3Init) refers to gd32f10x_gpio.o(i.gpio_init) for gpio_init
    main.o(i.Uart3Init) refers to main.o(i.UartConfig) for UartConfig
    main.o(i.Uart3Send) refers to gd32f10x_usart.o(i.usart_data_transmit) for usart_data_transmit
    main.o(i.Uart3Send) refers to gd32f10x_usart.o(i.usart_flag_get) for usart_flag_get
    main.o(i.Uart4Init) refers to gd32f10x_misc.o(i.nvic_irq_enable) for nvic_irq_enable
    main.o(i.Uart4Init) refers to gd32f10x_rcu.o(i.rcu_periph_clock_enable) for rcu_periph_clock_enable
    main.o(i.Uart4Init) refers to gd32f10x_gpio.o(i.gpio_init) for gpio_init
    main.o(i.Uart4Init) refers to main.o(i.UartConfig) for UartConfig
    main.o(i.Uart4Send) refers to gd32f10x_usart.o(i.usart_data_transmit) for usart_data_transmit
    main.o(i.Uart4Send) refers to gd32f10x_usart.o(i.usart_flag_get) for usart_flag_get
    main.o(i.Uart5Init) refers to gd32f10x_misc.o(i.nvic_irq_enable) for nvic_irq_enable
    main.o(i.Uart5Init) refers to gd32f10x_rcu.o(i.rcu_periph_clock_enable) for rcu_periph_clock_enable
    main.o(i.Uart5Init) refers to gd32f10x_gpio.o(i.gpio_init) for gpio_init
    main.o(i.Uart5Init) refers to main.o(i.UartConfig) for UartConfig
    main.o(i.Uart5Send) refers to gd32f10x_usart.o(i.usart_data_transmit) for usart_data_transmit
    main.o(i.Uart5Send) refers to gd32f10x_usart.o(i.usart_flag_get) for usart_flag_get
    main.o(i.UartConfig) refers to gd32f10x_usart.o(i.usart_deinit) for usart_deinit
    main.o(i.UartConfig) refers to gd32f10x_usart.o(i.usart_baudrate_set) for usart_baudrate_set
    main.o(i.UartConfig) refers to gd32f10x_usart.o(i.usart_word_length_set) for usart_word_length_set
[...]
    TIMER5_IRQHandler                        0x0800015f   Thumb Code     0  startup_gd32f10x_hd.o(.text)
    TIMER6_IRQHandler                        0x0800015f   Thumb Code     0  startup_gd32f10x_hd.o(.text)
    TIMER7_BRK_IRQHandler                    0x0800015f   Thumb Code     0  startup_gd32f10x_hd.o(.text)
    TIMER7_Channel_IRQHandler                0x0800015f   Thumb Code     0  startup_gd32f10x_hd.o(.text)
    TIMER7_TRG_CMT_IRQHandler                0x0800015f   Thumb Code     0  startup_gd32f10x_hd.o(.text)
    TIMER7_UP_IRQHandler                     0x0800015f   Thumb Code     0  startup_gd32f10x_hd.o(.text)
    USBD_HP_CAN0_TX_IRQHandler               0x0800015f   Thumb Code     0  startup_gd32f10x_hd.o(.text)
    USBD_LP_CAN0_RX0_IRQHandler              0x0800015f   Thumb Code     0  startup_gd32f10x_hd.o(.text)
    USBD_WKUP_IRQHandler                     0x0800015f   Thumb Code     0  startup_gd32f10x_hd.o(.text)
    WWDGT_IRQHandler                         0x0800015f   Thumb Code     0  startup_gd32f10x_hd.o(.text)
    __aeabi_memcpy                           0x08000169   Thumb Code    36  memcpya.o(.text)
    __aeabi_memcpy4                          0x08000169   Thumb Code     0  memcpya.o(.text)
    __aeabi_memcpy8                          0x08000169   Thumb Code     0  memcpya.o(.text)
    __aeabi_memset                           0x0800018d   Thumb Code    14  memseta.o(.text)
    __aeabi_memset4                          0x0800018d   Thumb Code     0  memseta.o(.text)
    __aeabi_memset8                          0x0800018d   Thumb Code     0  memseta.o(.text)
    __aeabi_memclr                           0x0800019b   Thumb Code     4  memseta.o(.text)
    __aeabi_memclr4                          0x0800019b   Thumb Code     0  memseta.o(.text)
    __aeabi_memclr8                          0x0800019b   Thumb Code     0  memseta.o(.text)
    _memset$wrapper                          0x0800019f   Thumb Code    18  memseta.o(.text)
    strstr                                   0x080001b1   Thumb Code    36  strstr.o(.text)
    strlen                                   0x080001d5   Thumb Code    14  strlen.o(.text)
    atoi                                     0x080001e3   Thumb Code    26  atoi.o(.text)
    __aeabi_dadd                             0x080001fd   Thumb Code   322  dadd.o(.text)
    __aeabi_dsub                             0x0800033f   Thumb Code     6  dadd.o(.text)
    __aeabi_drsub                            0x08000345   Thumb Code     6  dadd.o(.text)
    __aeabi_dmul                             0x0800034b   Thumb Code   228  dmul.o(.text)
    __aeabi_ddiv                             0x0800042f   Thumb Code   222  ddiv.o(.text)
    __aeabi_uidiv                            0x0800050d   Thumb Code     0  uidiv.o(.text)
    __aeabi_uidivmod                         0x0800050d   Thumb Code    44  uidiv.o(.text)
    __aeabi_uldivmod                         0x08000539   Thumb Code    98  uldiv.o(.text)
    __aeabi_llsl                             0x0800059b   Thumb Code    30  llshl.o(.text)
    _ll_shift_l                              0x0800059b   Thumb Code     0  llshl.o(.text)
    __aeabi_llsr                             0x080005b9   Thumb Code    32  llushr.o(.text)
    _ll_ushift_r                             0x080005b9   Thumb Code     0  llushr.o(.text)
    __aeabi_lasr                             0x080005d9   Thumb Code    36  llsshr.o(.text)
    _ll_sshift_r                             0x080005d9   Thumb Code     0  llsshr.o(.text)
    strtol                                   0x080005fd   Thumb Code   112  strtol.o(.text)
    __I$use$fp                               0x0800066d   Thumb Code     0  iusefp.o(.text)
    _double_round                            0x0800066d   Thumb Code    30  depilogue.o(.text)
    _double_epilogue                         0x0800068b   Thumb Code   156  depilogue.o(.text)
    __aeabi_d2ulz                            0x08000727   Thumb Code    48  dfixul.o(.text)
    __aeabi_cdrcmple                         0x08000759   Thumb Code    48  cdrcmple.o(.text)
    __scatterload                            0x08000789   Thumb Code    28  init.o(.text)
    __scatterload_rt2                        0x08000789   Thumb Code     0  init.o(.text)
    __rt_ctype_table                         0x080007ad   Thumb Code     4  ctype_o.o(.text)
    _strtoul                                 0x080007b5   Thumb Code   158  _strtoul.o(.text)
    _chval                                   0x08000853   Thumb Code    28  _chval.o(.text)
    __decompress                             0x0800086f   Thumb Code     0  __dczerorl2.o(.text)
    __decompress1                            0x0800086f   Thumb Code    86  __dczerorl2.o(.text)
    AdcDetectEnable                          0x080008c5   Thumb Code     8  adc.o(i.AdcDetectEnable)
    AdcGetBatAvgVolt                         0x080008d1   Thumb Code    32  adc.o(i.AdcGetBatAvgVolt)
    AdcGetVerfIntAvgVolt                     0x080008f5   Thumb Code    20  adc.o(i.AdcGetVerfIntAvgVolt)
    AdcInit                                  0x08000909   Thumb Code     2  adc.o(i.AdcInit)
    AdcProc                                  0x0800090d   Thumb Code   116  adc.o(i.AdcProc)
    AtCmdApnParse                            0x08000999   Thumb Code   116  atcmd.o(i.AtCmdApnParse)
    AtCmdApnPswdParse                        0x08000a1d   Thumb Code   124  atcmd.o(i.AtCmdApnPswdParse)
    AtCmdApnUserParse                        0x08000aa9   Thumb Code   124  atcmd.o(i.AtCmdApnUserParse)
    AtCmdBrokerParse                         0x08000b35   Thumb Code   116  atcmd.o(i.AtCmdBrokerParse)
    AtCmdCipSend                             0x08000bb9   Thumb Code   408  atcmd.o(i.AtCmdCipSend)
    AtCmdCipSendOk                           0x08000d5d   Thumb Code    14  atcmd.o(i.AtCmdCipSendOk)
    AtCmdCipStart                            0x08000d75   Thumb Code    96  atcmd.o(i.AtCmdCipStart)
    AtCmdCmgrSend                            0x08000e25   Thumb Code    34  atcmd.o(i.AtCmdCmgrSend)
    AtCmdCmgsSMSSend                         0x08000e5d   Thumb Code   112  atcmd.o(i.AtCmdCmgsSMSSend)
    AtCmdCmgsSend                            0x08000eed   Thumb Code    32  atcmd.o(i.AtCmdCmgsSend)
    AtCmdCpmsAck                             0x08000f21   Thumb Code    14  atcmd.o(i.AtCmdCpmsAck)
    AtCmdCsttSend                            0x08000f31   Thumb Code    86  atcmd.o(i.AtCmdCsttSend)
    AtCmdGetValueLen                         0x08000fc5   Thumb Code    36  atcmd.o(i.AtCmdGetValueLen)
    AtCmdInit                                0x08000fe9   Thumb Code    82  atcmd.o(i.AtCmdInit)
    AtCmdLenSend                             0x08001065   Thumb Code    16  atcmd.o(i.AtCmdLenSend)
    AtCmdMeansFrqParse                       0x08001075   Thumb Code   114  atcmd.o(i.AtCmdMeansFrqParse)
    AtCmdMerge                               0x080010f9   Thumb Code    86  atcmd.o(i.AtCmdMerge)
    AtCmdMqttPswdParse                       0x0800116d   Thumb Code   116  atcmd.o(i.AtCmdMqttPswdParse)
    AtCmdMqttUsrNameParse                    0x080011f1   Thumb Code   114  atcmd.o(i.AtCmdMqttUsrNameParse)
    AtCmdPaser                               0x08001275   Thumb Code  4328  atcmd.o(i.AtCmdPaser)
    AtCmdPhoneNoParse                        0x080023c9   Thumb Code    56  atcmd.o(i.AtCmdPhoneNoParse)
    AtCmdPortParse                           0x08002409   Thumb Code   114  atcmd.o(i.AtCmdPortParse)
    AtCmdProc                                0x0800248d   Thumb Code   204  atcmd.o(i.AtCmdProc)
    AtCmdSend                                0x08002579   Thumb Code    22  atcmd.o(i.AtCmdSend)
    AtCmdTokenParse                          0x08002591   Thumb Code   536  atcmd.o(i.AtCmdTokenParse)
    AtCmdTransFrqParse                       0x080027f5   Thumb Code   120  atcmd.o(i.AtCmdTransFrqParse)
    AtSetSubscribeId                         0x0800287d   Thumb Code    92  atcmd.o(i.AtSetSubscribeId)
    AtSetTopicId                             0x080028ed   Thumb Code   108  atcmd.o(i.AtSetTopicId)
    AtStrStr                                 0x0800296d   Thumb Code    82  atcmd.o(i.AtStrStr)
    AtouI                                    0x080029c5   Thumb Code    64  atcmd.o(i.AtouI)
    BleComEnable                             0x08002a05   Thumb Code     8  ble.o(i.BleComEnable)
    BmsComEnable                             0x08002a11   Thumb Code     8  bq40z50.o(i.BmsComEnable)
    BusFault_Handler                         0x08002a1d   Thumb Code     4  gd32f10x_it.o(i.BusFault_Handler)
    CRC8                                     0x08002a21   Thumb Code    28  camp.o(i.CRC8)
    CampGetEnable                            0x08002a41   Thumb Code     8  camp.o(i.CampGetEnable)
    CampInsert                               0x08002a4d   Thumb Code   142  camp.o(i.CampInsert)
    CampInttoStrs                            0x08002adb   Thumb Code    70  camp.o(i.CampInttoStrs)
    CampStart                                0x08002b21   Thumb Code     8  camp.o(i.CampStart)
    Check_Ds1302Runs                         0x08002b2d   Thumb Code    60  ds1302.o(i.Check_Ds1302Runs)
    CoulomComEnable                          0x08002b75   Thumb Code     8  coulom.o(i.CoulomComEnable)
    DebugMon_Handler                         0x08002b81   Thumb Code     2  gd32f10x_it.o(i.DebugMon_Handler)
    Delay                                    0x08002b83   Thumb Code    46  ds1302.o(i.Delay)
    DemoModeStart                            0x08002bb1   Thumb Code     8  key.o(i.DemoModeStart)
    EEpGetDemoCnt                            0x08002bbd   Thumb Code     8  eeprom.o(i.EEpGetDemoCnt)
    EEpGetHeartbeat                          0x08002bc9   Thumb Code     8  eeprom.o(i.EEpGetHeartbeat)
    EEpGetOnlineTime                         0x08002bd5   Thumb Code    20  eeprom.o(i.EEpGetOnlineTime)
    EEpGetRamLRptNum                         0x08002bed   Thumb Code     8  eeprom.o(i.EEpGetRamLRptNum)
    EEpGetRamLRptTime                        0x08002bf9   Thumb Code    14  eeprom.o(i.EEpGetRamLRptTime)
    EEpGetSleepTime                          0x08002c0d   Thumb Code    32  eeprom.o(i.EEpGetSleepTime)
    EEpGetWakeupCnt                          0x08002c35   Thumb Code     8  eeprom.o(i.EEpGetWakeupCnt)
    EEpInit                                  0x08002c41   Thumb Code   174  eeprom.o(i.EEpInit)
    EEpProcess                               0x08002d35   Thumb Code    44  eeprom.o(i.EEpProcess)
    EEpReadPage                              0x08002d99   Thumb Code    20  eeprom.o(i.EEpReadPage)
    EEpSetDemoCnt                            0x08002dad   Thumb Code    16  eeprom.o(i.EEpSetDemoCnt)
    EEpSetWakeupCnt                          0x08002dc1   Thumb Code    16  eeprom.o(i.EEpSetWakeupCnt)
    EEpUpdateEnable                          0x08002dd5   Thumb Code     8  eeprom.o(i.EEpUpdateEnable)
    EEpWritePage                             0x08002de3   Thumb Code    20  eeprom.o(i.EEpWritePage)
    GattAllFieldJsonMerge                    0x08002df9   Thumb Code   386  gatt.o(i.GattAllFieldJsonMerge)
    GattDtTypeFieldJsonMerge                 0x08002fe9   Thumb Code   504  gatt.o(i.GattDtTypeFieldJsonMerge)
    GattGetData                              0x08003289   Thumb Code   158  gatt.o(i.GattGetData)
    GattGetJsonBuff                          0x08003329   Thumb Code     4  gatt.o(i.GattGetJsonBuff)
    GattGetListInfor                         0x08003331   Thumb Code    72  gatt.o(i.GattGetListInfor)
    GattGetListProp                          0x08003385   Thumb Code   144  gatt.o(i.GattGetListProp)
    GattGetRelativeSOC                       0x08003421   Thumb Code    18  gatt.o(i.GattGetRelativeSOC)
    GattInit                                 0x08003435   Thumb Code    72  gatt.o(i.GattInit)
    GattMultiFieldMerge                      0x08003495   Thumb Code   586  gatt.o(i.GattMultiFieldMerge)
    GattSetAccuCyc                           0x08003745   Thumb Code     8  gatt.o(i.GattSetAccuCyc)
    GattSetBattCurrent                       0x08003751   Thumb Code    24  gatt.o(i.GattSetBattCurrent)
    GattSetBattTemp                          0x0800376d   Thumb Code    24  gatt.o(i.GattSetBattTemp)
    GattSetBattVolt                          0x08003789   Thumb Code    22  gatt.o(i.GattSetBattVolt)
    GattSetChargePower                       0x080037a5   Thumb Code    24  gatt.o(i.GattSetChargePower)
    GattSetCmdUplinkData                     0x080037c1   Thumb Code    82  gatt.o(i.GattSetCmdUplinkData)
    GattSetData                              0x08003829   Thumb Code   152  gatt.o(i.GattSetData)
    GattSetFullChrgeCap                      0x080038c1   Thumb Code     8  gatt.o(i.GattSetFullChrgeCap)
    GattSetGprsConnectFailCnt                0x080038cd   Thumb Code    24  gatt.o(i.GattSetGprsConnectFailCnt)
    GattSetGprsConnectTime                   0x080038e9   Thumb Code    24  gatt.o(i.GattSetGprsConnectTime)
    GattSetGprsRssi                          0x08003905   Thumb Code    24  gatt.o(i.GattSetGprsRssi)
    GattSetGprsSleepTime                     0x08003921   Thumb Code    24  gatt.o(i.GattSetGprsSleepTime)
    GattSetGpsCordLat                        0x0800393d   Thumb Code    44  gatt.o(i.GattSetGpsCordLat)
    GattSetGpsCordLon                        0x0800396d   Thumb Code    44  gatt.o(i.GattSetGpsCordLon)
    GattSetHashTop                           0x0800399d   Thumb Code    32  gatt.o(i.GattSetHashTop)
    GattSetHeartbeat                         0x080039c1   Thumb Code    24  gatt.o(i.GattSetHeartbeat)
    GattSetOpid                              0x080039dd   Thumb Code    32  gatt.o(i.GattSetOpid)
    GattSetOutputCtrlState                   0x08003a01   Thumb Code    24  gatt.o(i.GattSetOutputCtrlState)
    GattSetPaygDays                          0x08003a1d   Thumb Code    24  gatt.o(i.GattSetPaygDays)
    GattSetPaygState                         0x08003a39   Thumb Code    24  gatt.o(i.GattSetPaygState)
    GattSetPpid                              0x08003a55   Thumb Code    32  gatt.o(i.GattSetPpid)
    GattSetRelativeSOC                       0x08003a79   Thumb Code    24  gatt.o(i.GattSetRelativeSOC)
    GattSetReportMode                        0x08003a95   Thumb Code    24  gatt.o(i.GattSetReportMode)
    GattSetRmCap                             0x08003ab1   Thumb Code    24  gatt.o(i.GattSetRmCap)
    GattSetRmPayDays                         0x08003acd   Thumb Code    22  gatt.o(i.GattSetRmPayDays)
    GattSetRunDayBackup                      0x08003ae9   Thumb Code     8  gatt.o(i.GattSetRunDayBackup)
    GattSetRunDays                           0x08003af5   Thumb Code    22  gatt.o(i.GattSetRunDays)
    GattSetSysStatusCode                     0x08003b11   Thumb Code    24  gatt.o(i.GattSetSysStatusCode)
    GattSetUplinkData                        0x08003b2d   Thumb Code    46  gatt.o(i.GattSetUplinkData)
    GattSetVersion                           0x08003b61   Thumb Code    32  gatt.o(i.GattSetVersion)
    GattSingleFieldMerge                     0x08003b85   Thumb Code   550  gatt.o(i.GattSingleFieldMerge)
    GetDemoState                             0x08003e61   Thumb Code     6  key.o(i.GetDemoState)
    GetDs1302Day                             0x08003e6d   Thumb Code   278  ds1302.o(i.GetDs1302Day)
    GetSysErrorCode                          0x08003f95   Thumb Code     6  ds1302.o(i.GetSysErrorCode)
    GetTimerGsmComEvent                      0x08003fa1   Thumb Code     8  timer.o(i.GetTimerGsmComEvent)
    GmsGetSimcardState                       0x08003fad   Thumb Code     6  gsmcom.o(i.GmsGetSimcardState)
    GmsNetConnectState                       0x08003fb9   Thumb Code     6  gsmcom.o(i.GmsNetConnectState)
    GmsSetNetConnectState                    0x08003fc5   Thumb Code     6  gsmcom.o(i.GmsSetNetConnectState)
    GmsSetSimcardState                       0x08003fd1   Thumb Code     6  gsmcom.o(i.GmsSetSimcardState)
    GmsWakeup                                0x08003fdd   Thumb Code     8  gsmcom.o(i.GmsWakeup)
    GsmComIdle                               0x08003fe9   Thumb Code    18  gsmcom.o(i.GsmComIdle)
    GsmComInit                               0x08004005   Thumb Code    16  gsmcom.o(i.GsmComInit)
    GsmComProc                               0x08004015   Thumb Code    58  gsmcom.o(i.GsmComProc)
    HAL_Delay                                0x08004059   Thumb Code    32  timer.o(i.HAL_Delay)
    HAL_GetTick                              0x08004079   Thumb Code     6  timer.o(i.HAL_GetTick)
    HAL_SYSTICK_Callback                     0x08004085   Thumb Code   320  timer.o(i.HAL_SYSTICK_Callback)
    HardFault_Handler                        0x080041cd   Thumb Code     4  gd32f10x_it.o(i.HardFault_Handler)
    Hash_Opration                            0x080041d1   Thumb Code   198  payg.o(i.Hash_Opration)
    HexToStr                                 0x080042b9   Thumb Code    80  payg.o(i.HexToStr)
    InitDs1302                               0x08004309   Thumb Code    90  ds1302.o(i.InitDs1302)
    IsKeyEvent                               0x08004369   Thumb Code    14  key.o(i.IsKeyEvent)
    Jbd485Send                               0x0800437d   Thumb Code    16  jbsbms.o(i.Jbd485Send)
    JbsBmsChecksum                           0x0800438d   Thumb Code    36  jbsbms.o(i.JbsBmsChecksum)
    JbsBmsInit                               0x080043b1   Thumb Code    98  jbsbms.o(i.JbsBmsInit)
    JbsBmsTask                               0x08004431   Thumb Code   718  jbsbms.o(i.JbsBmsTask)
    JbsBms_GetInfo                           0x08004729   Thumb Code   306  jbsbms.o(i.JbsBms_GetInfo)
    KeyBoardInit                             0x08004899   Thumb Code    18  keyboard.o(i.KeyBoardInit)
    KeyboardUsbPwrSet                        0x080048b5   Thumb Code     6  key.o(i.KeyboardUsbPwrSet)
    LCDSendAddr                              0x080048c1   Thumb Code    74  lcd.o(i.LCDSendAddr)
    LCDSendCom                               0x08004911   Thumb Code    66  lcd.o(i.LCDSendCom)
    LCDSendData                              0x08004959   Thumb Code    64  lcd.o(i.LCDSendData)
    LcdClearAll                              0x0800499d   Thumb Code    20  lcd.o(i.LcdClearAll)
    LcdInit                                  0x080049b5   Thumb Code   320  lcd.o(i.LcdInit)
    LcdUpdateAll                             0x08004af9   Thumb Code    60  lcd.o(i.LcdUpdateAll)
    MemManage_Handler                        0x08004b3d   Thumb Code     4  gd32f10x_it.o(i.MemManage_Handler)
    MenuFlashSet                             0x08004b41   Thumb Code    14  menu.o(i.MenuFlashSet)
    MenuGetFlashState                        0x08004b55   Thumb Code    10  menu.o(i.MenuGetFlashState)
    MenuRefresh                              0x08004b65   Thumb Code     8  menu.o(i.MenuRefresh)
    MenuSaverSet                             0x08004b71   Thumb Code    32  menu.o(i.MenuSaverSet)
    MenuSaverUpdate                          0x08004b95   Thumb Code    56  menu.o(i.MenuSaverUpdate)
    MiddleStr                                0x08004bd1   Thumb Code    24  payg.o(i.MiddleStr)
    MqttGetRequest                           0x08004be9   Thumb Code     6  gsmcom.o(i.MqttGetRequest)
    MqttGetState                             0x08004bf5   Thumb Code     6  gsmcom.o(i.MqttGetState)
    MqttInit                                 0x08004c01   Thumb Code     8  gsmcom.o(i.MqttInit)
    MqttProc                                 0x08004c0d   Thumb Code  1106  gsmcom.o(i.MqttProc)
    MqttSetRequest                           0x08005065   Thumb Code     6  gsmcom.o(i.MqttSetRequest)
    NMI_Handler                              0x08005071   Thumb Code     2  gd32f10x_it.o(i.NMI_Handler)
    PKeybordProc                             0x08005075   Thumb Code   518  keyboard.o(i.PKeybordProc)
    PaygGetFreeState                         0x080052d1   Thumb Code    18  payg.o(i.PaygGetFreeState)
    PaygGetPayState                          0x080052ed   Thumb Code    24  payg.o(i.PaygGetPayState)
    PaygGetPaygBuf                           0x0800530d   Thumb Code     4  payg.o(i.PaygGetPaygBuf)
    PaygInit                                 0x08005315   Thumb Code    66  payg.o(i.PaygInit)
    PaygOvesInput                            0x08005369   Thumb Code   542  payg.o(i.PaygOvesInput)
    PaygOvesTask                             0x080055b1   Thumb Code   120  payg.o(i.PaygOvesTask)
    PaygProcess                              0x08005639   Thumb Code   254  payg.o(i.PaygProcess)
    PaygUpdateEnable                         0x0800575d   Thumb Code     8  payg.o(i.PaygUpdateEnable)
    PendSV_Handler                           0x08005769   Thumb Code     2  gd32f10x_it.o(i.PendSV_Handler)
    Printf_Usart_num                         0x0800576b   Thumb Code    16  keyboard.o(i.Printf_Usart_num)
    Process_cmd_all                          0x0800577d   Thumb Code  2438  keyboard.o(i.Process_cmd_all)
    PumpComStart                             0x08006119   Thumb Code     8  pump.o(i.PumpComStart)
    PumpSend                                 0x08006125   Thumb Code    48  pump.o(i.PumpSend)
    PumpTxCmd                                0x0800615d   Thumb Code   348  pump.o(i.PumpTxCmd)
    SHA                                      0x080062ed   Thumb Code    68  payg.o(i.SHA)
    SVC_Handler                              0x08006331   Thumb Code     2  gd32f10x_it.o(i.SVC_Handler)
    Send_RechargeOK                          0x08006335   Thumb Code    12  keyboard.o(i.Send_RechargeOK)
    Serial_Cmd                               0x08006345   Thumb Code   314  keyboard.o(i.Serial_Cmd)
    SmsInit                                  0x08006485   Thumb Code    20  gsmcom.o(i.SmsInit)
    SmsProc                                  0x080064a1   Thumb Code   768  gsmcom.o(i.SmsProc)
    SysTick_Handler                          0x080067b5   Thumb Code    16  gd32f10x_it.o(i.SysTick_Handler)
    SystemInit                               0x080067c5   Thumb Code   196  system_gd32f10x.o(i.SystemInit)
    TimeBacklightCallback                    0x08006899   Thumb Code    62  timer.o(i.TimeBacklightCallback)
    TimeCoulomCallback                       0x080068e1   Thumb Code     2  timer.o(i.TimeCoulomCallback)
    TimeKbPwrHoldCallback                    0x080068e5   Thumb Code    18  timer.o(i.TimeKbPwrHoldCallback)
    TimeRamlReportCallback                   0x080068fd   Thumb Code    30  timer.o(i.TimeRamlReportCallback)
    TimeSaverCallback                        0x0800691b   Thumb Code    16  timer.o(i.TimeSaverCallback)
    TimeUiFlashCallback                      0x0800692b   Thumb Code    34  timer.o(i.TimeUiFlashCallback)
    TimerAtTOutStart                         0x0800694d   Thumb Code    44  timer.o(i.TimerAtTOutStart)
    TimerAtTOutStop                          0x0800697d   Thumb Code    32  timer.o(i.TimerAtTOutStop)
    TimerBmsComCallback                      0x080069a1   Thumb Code    16  timer.o(i.TimerBmsComCallback)
    TimerCampCallback                        0x080069b1   Thumb Code    14  timer.o(i.TimerCampCallback)
    TimerDemoSet                             0x080069c1   Thumb Code    30  timer.o(i.TimerDemoSet)
    TimerEventClear                          0x080069e9   Thumb Code    68  timer.o(i.TimerEventClear)
    TimerGprsUploadCallback                  0x08006a31   Thumb Code    28  timer.o(i.TimerGprsUploadCallback)
    TimerGsmComSet                           0x08006a4d   Thumb Code    28  timer.o(i.TimerGsmComSet)
    TimerInit                                0x08006a6d   Thumb Code   682  timer.o(i.TimerInit)
    TimerKbPwrHoldSet                        0x08006d61   Thumb Code    28  timer.o(i.TimerKbPwrHoldSet)
    TimerKeyScan                             0x08006d81   Thumb Code    36  timer.o(i.TimerKeyScan)
    TimerPaygCallback                        0x08006da5   Thumb Code    16  timer.o(i.TimerPaygCallback)
    TimerPumpCallback                        0x08006db5   Thumb Code    28  timer.o(i.TimerPumpCallback)
    TimerSleepSet                            0x08006dd1   Thumb Code    46  timer.o(i.TimerSleepSet)
    TimerSleepState                          0x08006e05   Thumb Code     8  timer.o(i.TimerSleepState)
    UART3_IRQHandler                         0x08006e11   Thumb Code    70  gd32f10x_it.o(i.UART3_IRQHandler)
    UART4_IRQHandler                         0x08006e69   Thumb Code    70  gd32f10x_it.o(i.UART4_IRQHandler)
    USART0_IRQHandler                        0x08006ec1   Thumb Code    70  gd32f10x_it.o(i.USART0_IRQHandler)
    USART1_IRQHandler                        0x08006f19   Thumb Code    70  gd32f10x_it.o(i.USART1_IRQHandler)
    USART2_IRQHandler                        0x08006f71   Thumb Code    70  gd32f10x_it.o(i.USART2_IRQHandler)
    Uart1Init                                0x08006fc9   Thumb Code    68  main.o(i.Uart1Init)
    Uart2Init                                0x08007015   Thumb Code    64  main.o(i.Uart2Init)
    Uart2Send                                0x0800705d   Thumb Code    42  main.o(i.Uart2Send)
    Uart3Init                                0x0800708d   Thumb Code    68  main.o(i.Uart3Init)
    Uart3Send                                0x080070d9   Thumb Code    42  main.o(i.Uart3Send)
    Uart4Init                                0x08007109   Thumb Code    68  main.o(i.Uart4Init)
    Uart5Init                                0x08007155   Thumb Code    74  main.o(i.Uart5Init)
    Uart5Send                                0x080071ad   Thumb Code    42  main.o(i.Uart5Send)
    UartConfig                               0x080071dd   Thumb Code    84  main.o(i.UartConfig)
    UsageFault_Handler                       0x08007231   Thumb Code     4  gd32f10x_it.o(i.UsageFault_Handler)
    __0sprintf                               0x08007235   Thumb Code    34  printfa.o(i.__0sprintf)
    __1sprintf                               0x08007235   Thumb Code     0  printfa.o(i.__0sprintf)
    __2sprintf                               0x08007235   Thumb Code     0  printfa.o(i.__0sprintf)
    __c89sprintf                             0x08007235   Thumb Code     0  printfa.o(i.__0sprintf)
    sprintf                                  0x08007235   Thumb Code     0  printfa.o(i.__0sprintf)
    __aeabi_errno_addr                       0x0800725d   Thumb Code     4  errno.o(i.__aeabi_errno_addr)
    __rt_errno_addr                          0x0800725d   Thumb Code     0  errno.o(i.__aeabi_errno_addr)
    __scatterload_copy                       0x08007265   Thumb Code    14  handlers.o(i.__scatterload_copy)
    __scatterload_null                       0x08007273   Thumb Code     2  handlers.o(i.__scatterload_null)
    __scatterload_zeroinit                   0x08007275   Thumb Code    14  handlers.o(i.__scatterload_zeroinit)
    big_litle_endian                         0x08007b21   Thumb Code    26  payg.o(i.big_litle_endian)
    crc_chk_value                            0x08007b3b   Thumb Code    60  pump.o(i.crc_chk_value)
    debug_printf                             0x08007b77   Thumb Code     2  keyboard.o(i.debug_printf)
    delay_decrement                          0x08007b79   Thumb Code    18  systick.o(i.delay_decrement)
    gd_eval_led_off                          0x08007b91   Thumb Code    16  gd32f10x_eval.o(i.gd_eval_led_off)
    gd_eval_led_on                           0x08007ba9   Thumb Code    16  gd32f10x_eval.o(i.gd_eval_led_on)
    gpio_bit_write                           0x08007bc1   Thumb Code    10  gd32f10x_gpio.o(i.gpio_bit_write)
    gpio_init                                0x08007bcb   Thumb Code   172  gd32f10x_gpio.o(i.gpio_init)
    gpio_input_bit_get                       0x08007c77   Thumb Code    16  gd32f10x_gpio.o(i.gpio_input_bit_get)
    led_spark                                0x08007c89   Thumb Code    54  main.o(i.led_spark)
    main                                     0x08007cc5   Thumb Code   182  main.o(i.main)
    nvic_irq_enable                          0x08007d99   Thumb Code   162  gd32f10x_misc.o(i.nvic_irq_enable)
    nvic_priority_group_set                  0x08007e45   Thumb Code    10  gd32f10x_misc.o(i.nvic_priority_group_set)
    nvic_vector_table_set                    0x08007e59   Thumb Code    16  gd32f10x_misc.o(i.nvic_vector_table_set)
    rcu_clock_freq_get                       0x08007e71   Thumb Code   264  gd32f10x_rcu.o(i.rcu_clock_freq_get)
    rcu_periph_clock_enable                  0x08007f95   Thumb Code    28  gd32f10x_rcu.o(i.rcu_periph_clock_enable)
    rcu_periph_reset_disable                 0x08007fb5   Thumb Code    28  gd32f10x_rcu.o(i.rcu_periph_reset_disable)
    rcu_periph_reset_enable                  0x08007fd5   Thumb Code    28  gd32f10x_rcu.o(i.rcu_periph_reset_enable)
    read_1302                                0x08007ff5   Thumb Code   148  ds1302.o(i.read_1302)
    sha1_c                                   0x0800808d   Thumb Code    76  payg.o(i.sha1_c)
    sha1_finish                              0x080080dd   Thumb Code   228  payg.o(i.sha1_finish)
    sha1_process                             0x080081c5   Thumb Code  6420  payg.o(i.sha1_process)
    sha1_starts                              0x08009ae1   Thumb Code    30  payg.o(i.sha1_starts)
    sha1_update                              0x08009b0d   Thumb Code   124  payg.o(i.sha1_update)
    usart_baudrate_set                       0x08009c3d   Thumb Code   136  gd32f10x_usart.o(i.usart_baudrate_set)
    usart_data_receive                       0x08009ccd   Thumb Code    10  gd32f10x_usart.o(i.usart_data_receive)
    usart_data_transmit                      0x08009cd7   Thumb Code     8  gd32f10x_usart.o(i.usart_data_transmit)
    usart_deinit                             0x08009ce1   Thumb Code   136  gd32f10x_usart.o(i.usart_deinit)
    usart_enable                             0x08009d71   Thumb Code    10  gd32f10x_usart.o(i.usart_enable)
    usart_flag_get                           0x08009d7b   Thumb Code    30  gd32f10x_usart.o(i.usart_flag_get)
    usart_hardware_flow_cts_config           0x08009d99   Thumb Code    16  gd32f10x_usart.o(i.usart_hardware_flow_cts_config)
    usart_hardware_flow_rts_config           0x08009da9   Thumb Code    16  gd32f10x_usart.o(i.usart_hardware_flow_rts_config)
    usart_interrupt_flag_get                 0x08009db9   Thumb Code    56  gd32f10x_usart.o(i.usart_interrupt_flag_get)
    usart_parity_config                      0x08009df1   Thumb Code    16  gd32f10x_usart.o(i.usart_parity_config)
    usart_receive_config                     0x08009e01   Thumb Code    16  gd32f10x_usart.o(i.usart_receive_config)
    usart_stop_bit_set                       0x08009e11   Thumb Code    16  gd32f10x_usart.o(i.usart_stop_bit_set)
    usart_transmit_config                    0x08009e21   Thumb Code    16  gd32f10x_usart.o(i.usart_transmit_config)
    usart_word_length_set                    0x08009e31   Thumb Code    16  gd32f10x_usart.o(i.usart_word_length_set)
    write_1302                               0x08009e41   Thumb Code    96  ds1302.o(i.write_1302)
    write_1302byte                           0x08009ea5   Thumb Code   104  ds1302.o(i.write_1302byte)
    g_MqttPubFixedPath                       0x08009f10   Data          15  atcmd.o(.constdata)
    g_MqttSubFixedPath                       0x08009f1f   Data          16  atcmd.o(.constdata)
    g_atcmd_deal                             0x08009f30   Data         540  atcmd.o(.constdata)
    g_attag_parse                            0x0800a14c   Data         144  atcmd.o(.constdata)
    g_GattlistMemberNum                      0x0800a1dc   Data           5  gatt.o(.constdata)
    g_gatt1_list                             0x0800a1e4   Data         992  gatt.o(.constdata)
    g_gatt_list                              0x0800a5c4   Data        3004  gatt.o(.constdata)
    g_Timer                                  0x0800b180   Data         252  timer.o(.constdata)
    __ctype_table                            0x0800b27c   Data         129  ctype_o.o(.constdata)
    Region$$Table$$Base                      0x0800be34   Number         0  anon$$obj.o(Region$$Table)
    Region$$Table$$Limit                     0x0800be54   Number         0  anon$$obj.o(Region$$Table)
    huart1                                   0x20000000   Data           8  main.o(.data)
    huart2                                   0x20000008   Data           8  main.o(.data)
    huart3                                   0x20000010   Data           8  main.o(.data)
    huart4                                   0x20000018   Data           8  main.o(.data)
    huart5                                   0x20000020   Data           8  main.o(.data)
    g_VefIntAvergeVolt                       0x20000030   Data           2  adc.o(.data)
    g_BatAvergeVolt                          0x20000032   Data           2  adc.o(.data)
    g_BmsAvergeVolt                          0x20000034   Data           2  adc.o(.data)
    g_ChargeIn                               0x20000036   Data           1  adc.o(.data)
    g_dc12v_overload                         0x20000037   Data           1  adc.o(.data)
    g_dianyan_overload                       0x20000038   Data           1  adc.o(.data)
    g_PvCAvergeAdc                           0x2000003a   Data           2  adc.o(.data)
    g_PvCChrgeCurrent                        0x2000003c   Data           2  adc.o(.data)
    g_PvChrgProtect                          0x2000003e   Data           1  adc.o(.data)
    g_UsbInsertAdc                           0x20000040   Data           2  adc.o(.data)
    g_UsbInsertVolt                          0x20000042   Data           2  adc.o(.data)
    g_DcCurrent                              0x20000044   Data           2  adc.o(.data)
    g_ChargeInConFirmCnt                     0x20000046   Data           1  adc.o(.data)
    g_AdcDetectEnable                        0x20000047   Data           1  adc.o(.data)
    volt_dc12v                               0x20000048   Data           4  adc.o(.data)
    volt_1                                   0x2000004c   Data           4  adc.o(.data)
    volt_diany                               0x20000050   Data           4  adc.o(.data)
    g_AtCmdState                             0x20000054   Data           1  atcmd.o(.data)
    g_AtAckState                             0x20000055   Data           1  atcmd.o(.data)
    g_RxGsmCounter                           0x20000058   Data           4  atcmd.o(.data)
    g_RxGsmParseSize                         0x2000005c   Data           4  atcmd.o(.data)
    g_RxGsmParsePos                          0x20000060   Data           4  atcmd.o(.data)
    msgid                                    0x20000064   Data           1  atcmd.o(.data)
    g_endmark                                0x20000065   Data           4  atcmd.o(.data)
    Defualt_APN                              0x2000006c   Data           4  atcmd.o(.data)
    Defualt_URL                              0x20000070   Data           4  atcmd.o(.data)
    message_start                            0x20000074   Data          47  atcmd.o(.data)
    g_bleCmd_State                           0x200000a4   Data           1  ble.o(.data)
    g_bleComEnable                           0x200000a5   Data           1  ble.o(.data)
    g_bleAck_State                           0x200000a6   Data           1  ble.o(.data)
    g_bleReport_Counter                      0x200000a7   Data           1  ble.o(.data)
    g_bletkre                                0x200000a8   Data           1  ble.o(.data)
    g_bleRptPause                            0x200000aa   Data           2  ble.o(.data)
    g_BmsGetInfor_Enable                     0x200000ac   Data           1  bq40z50.o(.data)
    g_CampGetState                           0x200000b0   Data           1  camp.o(.data)
    g_CampGetEnable                          0x200000b1   Data           1  camp.o(.data)
    RxUart3Counter                           0x200000b2   Data           2  camp.o(.data)
    RxUart3ParsePos                          0x200000b4   Data           2  camp.o(.data)
    g_current                                0x200000b6   Data           2  camp.o(.data)
    Hash_Hi                                  0x200000b8   Data           4  camp.o(.data)
    Hash_Lo                                  0x200000bc   Data           4  camp.o(.data)
    crc_array                                0x200000c0   Data         256  camp.o(.data)
    g_CoulomCmd                              0x200001c0   Data           1  coulom.o(.data)
    g_CoulomComEnable                        0x200001c1   Data           1  coulom.o(.data)
    coulom_cfgclear                          0x200001c2   Data           8  coulom.o(.data)
    coulom_cfgdefault                        0x200001ca   Data           8  coulom.o(.data)
    coulom_cfgfull                           0x200001d2   Data           8  coulom.o(.data)
    coulom_setFullCap48Ah                    0x200001da   Data          13  coulom.o(.data)
    coulom_setFullVolt24v                    0x200001e7   Data          11  coulom.o(.data)
    coulom_setEmpty19v                       0x200001f2   Data          11  coulom.o(.data)
    coulom_startMeter                        0x200001fd   Data           8  coulom.o(.data)
    coulom_getAllReg                         0x20000205   Data           8  coulom.o(.data)
    g_CoulomComError                         0x2000020d   Data           1  coulom.o(.data)
    g_CoulomComErrorConfirm                  0x2000020e   Data           1  coulom.o(.data)
    g_CoulomSocBack                          0x20000210   Data           2  coulom.o(.data)
    g_Chrge_VoltOver                         0x20000212   Data           1  coulom.o(.data)
    g_CoulomChrgeState                       0x20000214   Data           2  coulom.o(.data)
    g_CoulomWarnState                        0x20000216   Data           2  coulom.o(.data)
    g_CoulomAccuCap                          0x20000218   Data           4  coulom.o(.data)
    g_CoulomAccuPower                        0x2000021c   Data           4  coulom.o(.data)
    g_CoulomRtPower                          0x20000220   Data           4  coulom.o(.data)
    g_CoulomAccSolarPower                    0x20000224   Data           4  coulom.o(.data)
    g_CoulomRtChrgePower                     0x20000228   Data           4  coulom.o(.data)
    g_CoulomAccRuntime                       0x2000022c   Data           4  coulom.o(.data)
    g_LowBatPwroffCnt                        0x20000230   Data           4  coulom.o(.data)
    g_AcFaultCnt                             0x20000234   Data           4  coulom.o(.data)
    g_LowBatLevel1ConfirmCnt                 0x20000238   Data           1  coulom.o(.data)
    g_LowBatLevel2ConfirmCnt                 0x20000239   Data           1  coulom.o(.data)
    g_sysStateCode                           0x2000023a   Data           4  coulom.o(.data)
    g_lowbat_protect                         0x2000023e   Data           1  coulom.o(.data)
    Read_T                                   0x2000023f   Data           8  ds1302.o(.data)
    Write_T                                  0x20000247   Data           8  ds1302.o(.data)
    Sys_Code                                 0x2000024f   Data           1  ds1302.o(.data)
    g_ds1302_ErrCnt                          0x20000250   Data           1  ds1302.o(.data)
    g_Mqtt_State                             0x20000259   Data           1  gsmcom.o(.data)
    g_Sms_State                              0x2000025a   Data           1  gsmcom.o(.data)
    g_Mqtt_Request                           0x2000025b   Data           1  gsmcom.o(.data)
    g_Mqtt_hold                              0x2000025c   Data           1  gsmcom.o(.data)
    g_SimCard_State                          0x2000025d   Data           1  gsmcom.o(.data)
    g_NetConnect_State                       0x2000025e   Data           1  gsmcom.o(.data)
    g_GsmWkup_Event                          0x2000025f   Data           1  gsmcom.o(.data)
    g_MqttReconnect                          0x20000260   Data           1  gsmcom.o(.data)
    g_run_protect                            0x20000262   Data           1  jbsbms.o(.data)
    g_JbsBmsCmd                              0x20000263   Data           1  jbsbms.o(.data)
    g_jbdCmd_Factorymode                     0x20000264   Data           9  jbsbms.o(.data)
    g_jbdCmd_FETCtrlTime                     0x2000026d   Data           9  jbsbms.o(.data)
    g_jbdCmd_FETCtrl5STime                   0x20000276   Data           9  jbsbms.o(.data)
    g_jbdCmd_FETCtrl20MinTime                0x2000027f   Data           9  jbsbms.o(.data)
    g_jbdCmd_FETCtrlFreeTime                 0x20000288   Data           9  jbsbms.o(.data)
    g_jbdCmd_FETCtrlLongTime                 0x20000291   Data           9  jbsbms.o(.data)
    g_jbdCmd_ExitFactory                     0x2000029a   Data           9  jbsbms.o(.data)
    g_jbdCmd_Exit0000Factory                 0x200002a3   Data           9  jbsbms.o(.data)
    g_charge_counter                         0x200002ac   Data           1  jbsbms.o(.data)
    g_jbd_watchdog_timer                     0x200002ae   Data           2  jbsbms.o(.data)
    g_jbd_epromWrite_timer                   0x200002b0   Data           2  jbsbms.o(.data)
    g_jbd_ComErr_Cnt                         0x200002b2   Data           2  jbsbms.o(.data)
    g_led_enable                             0x200002b4   Data           1  key.o(.data)
    g_oldkey_value                           0x200002b5   Data           1  key.o(.data)
    g_u16KeyEvent                            0x200002b8   Data           4  key.o(.data)
    g_Roll_State                             0x200002bc   Data           1  key.o(.data)
    g_AcState                                0x200002bd   Data           1  key.o(.data)
    g_DcState                                0x200002be   Data           1  key.o(.data)
    g_UsbState                               0x200002bf   Data           1  key.o(.data)
    g_DemoState                              0x200002c0   Data           1  key.o(.data)
    g_RollSwitch                             0x200002c1   Data           1  key.o(.data)
    g_KeyboardPwrEnable                      0x200002c2   Data           1  key.o(.data)
    cmd_allhead                              0x200002c4   Data           3  keyboard.o(.data)
    cmd_ppidhead                             0x200002c7   Data           6  keyboard.o(.data)
    cmd_ppidhead_new                         0x200002cd   Data           6  keyboard.o(.data)
    cmd_opidhead                             0x200002d3   Data           6  keyboard.o(.data)
    cmd_roothead                             0x200002d9   Data           5  keyboard.o(.data)
    cmd_hashtophead                          0x200002de   Data           5  keyboard.o(.data)
    cmd_handcmd                              0x200002e3   Data           6  keyboard.o(.data)
    cmd_handAckcmd                           0x200002e9   Data           7  keyboard.o(.data)
    ppid_ok                                  0x200002f0   Data           7  keyboard.o(.data)
    opid_ok                                  0x200002f7   Data           7  keyboard.o(.data)
    hashtop_ok                               0x200002fe   Data           7  keyboard.o(.data)
    root_ok                                  0x20000305   Data           7  keyboard.o(.data)
    keyUesed                                 0x2000030c   Data           7  keyboard.o(.data)
    errkey                                   0x20000313   Data           7  keyboard.o(.data)
    keyOk                                    0x2000031a   Data           7  keyboard.o(.data)
    Answer_RPD                               0x20000321   Data           5  keyboard.o(.data)
    Answer_DHB                               0x20000326   Data           5  keyboard.o(.data)
    Answer_PD                                0x2000032b   Data           5  keyboard.o(.data)
    Answer_PS                                0x20000330   Data           5  keyboard.o(.data)
    Answer_OCS                               0x20000335   Data           5  keyboard.o(.data)
    Answer_RDB                               0x2000033a   Data           5  keyboard.o(.data)
    Answer_System_Status_Code                0x2000033f   Data           8  keyboard.o(.data)
    Answer_System_Status_CodeE               0x20000347   Data           8  keyboard.o(.data)
    Answer_System_Status_CodeE2              0x2000034f   Data           8  keyboard.o(.data)
    Answer_RREV                              0x20000357   Data           8  keyboard.o(.data)
    Answer_Upgrade                           0x2000035f   Data          10  keyboard.o(.data)
    Camp_ComOK                               0x20000369   Data           1  keyboard.o(.data)
    SaveFlash_Flag                           0x2000036a   Data           1  keyboard.o(.data)
    temphash                                 0x2000036c   Data           4  keyboard.o(.data)
    g_keyboardPwrHoldTmrLock                 0x20000370   Data           1  keyboard.o(.data)
    RxUart5Counter                           0x20000372   Data           2  keyboard.o(.data)
    g_UiMenu                                 0x20000374   Data           4  menu.o(.data)
    g_Ui_Refresh                             0x20000378   Data           1  menu.o(.data)
    g_ErrBlinkCnt                            0x20000379   Data           1  menu.o(.data)
    g_PwrOnCnt                               0x2000037a   Data           1  menu.o(.data)
    g_ErrorClrCnt                            0x2000037b   Data           1  menu.o(.data)
    g_PpidShowPos                            0x2000037c   Data           1  menu.o(.data)
    g_PpidHoldDelay                          0x2000037d   Data           1  menu.o(.data)
    tian                                     0x20000380   Data           4  payg.o(.data)
    g_tokenState                             0x20000384   Data           1  payg.o(.data)
    g_KeyboardDetectLock                     0x20000385   Data           1  payg.o(.data)
    g_KeyboardDetectLockRst                  0x20000386   Data           1  payg.o(.data)
    g_PaygUpdate                             0x20000387   Data           1  payg.o(.data)
    g_sysInit                                0x20000388   Data           1  payg.o(.data)
    keyocl                                   0x200003c9   Data          20  payg.o(.data)
    key                                      0x200003dd   Data          20  payg.o(.data)
    Top_UpDays                               0x200003f4   Data           4  payg.o(.data)
    g_PumpCmd                                0x20000400   Data           1  pump.o(.data)
    crc_modbus                               0x20000404   Data           4  pump.o(.data)
    pump_powertime                           0x20000408   Data           8  pump.o(.data)
    pump_powertimeover                       0x20000410   Data           8  pump.o(.data)
    pump_on                                  0x20000418   Data           8  pump.o(.data)
    pump_off                                 0x20000420   Data           8  pump.o(.data)
    pump_rst                                 0x20000428   Data           8  pump.o(.data)
    pump_free                                0x20000430   Data           8  pump.o(.data)
    pump_state                               0x20000438   Data           8  pump.o(.data)
    pump_checkRun                            0x20000440   Data           8  pump.o(.data)
    pump_SetModbus                           0x20000448   Data           8  pump.o(.data)
    Pump_SetPowerCmd                         0x20000450   Data           8  pump.o(.data)
    Pump_PowerTime                           0x20000458   Data           4  pump.o(.data)
    Pump_PowerTimeOver                       0x2000045c   Data           4  pump.o(.data)
    payg_enable                              0x20000460   Data           1  pump.o(.data)
    g_PumpComEnable                          0x20000461   Data           1  pump.o(.data)
    g_PumpUserSet                            0x20000462   Data           1  pump.o(.data)
    g_GprsUpload_timer                       0x20000464   Data           8  timer.o(.data)
    g_Mqtt_timer                             0x2000046c   Data           8  timer.o(.data)
    g_Camp_timer                             0x20000474   Data           8  timer.o(.data)
    g_Pump_timer                             0x2000047c   Data           8  timer.o(.data)
    g_Payg_timer                             0x20000484   Data           8  timer.o(.data)
    g_BmsCom_timer                           0x2000048c   Data           8  timer.o(.data)
    g_Backlight_timer                        0x20000494   Data           8  timer.o(.data)
    g_LcdSaver_timer                         0x2000049c   Data           8  timer.o(.data)
    g_AtAckTout_timer                        0x200004a4   Data           8  timer.o(.data)
    g_GsmCom_timer                           0x200004ac   Data           8  timer.o(.data)
    g_KeyTimer                               0x200004b4   Data           8  timer.o(.data)
    g_KbPwrHoldTimer                         0x200004bc   Data           8  timer.o(.data)
    g_SleepTimer                             0x200004c4   Data           8  timer.o(.data)
    g_UiFlashTimer                           0x200004cc   Data           8  timer.o(.data)
    g_ClFullTimer                            0x200004d4   Data           8  timer.o(.data)
    g_ClChrgeOverTimer                       0x200004dc   Data           8  timer.o(.data)
    g_ClChrgeLowTimer                        0x200004e4   Data           8  timer.o(.data)
    g_SysInitTimer                           0x200004ec   Data           8  timer.o(.data)
    g_DemoTimer                              0x200004f4   Data           8  timer.o(.data)
    g_GpsSampleTimer                         0x200004fc   Data           8  timer.o(.data)
    g_RamLReprotTimer                        0x20000504   Data           8  timer.o(.data)
    uwTick                                   0x2000050c   Data           4  timer.o(.data)
    g_SampelTable                            0x20000594   Data         120  adc.o(.bss)
    g_GsmRbuffer                             0x2000060c   Data        1024  atcmd.o(.bss)
    g_PhoneNo                                0x20000a9a   Data          20  atcmd.o(.bss)
    MQTT_ClienID                             0x20000aae   Data          60  atcmd.o(.bss)
    MQTT_topic_ppid                          0x20000aea   Data          64  atcmd.o(.bss)
    MQTT_topic_ppid_Subscribe                0x20000b2a   Data          60  atcmd.o(.bss)
    g_bq40z50_state                          0x20000b66   Data          46  bq40z50.o(.bss)
    g_Uart485Buf                             0x20000b94   Data        1024  camp.o(.bss)
    Hashstr                                  0x20000f94   Data          28  camp.o(.bss)
    hashshow                                 0x20000fb0   Data          32  camp.o(.bss)
    g_UserSet                                0x20000fd0   Data         448  eeprom.o(.bss)
    g_pub_json                               0x20001190   Data        2048  gatt.o(.bss)
    g_gatt_value                             0x20001990   Data         184  gatt.o(.bss)
    g_gatt_meta_ctrl                         0x20001a48   Data          34  gatt.o(.bss)
    g_GattMem                                0x20001a6a   Data         420  gatt.o(.bss)
    g_jbsbms_tx_buf                          0x20001c0e   Data          16  jbsbms.o(.bss)
    cmd_sendbuf                              0x20001c1e   Data          64  keyboard.o(.bss)
    Uart_Buffer                              0x20001c5e   Data          64  keyboard.o(.bss)
    Camp_cmd                                 0x20001c9e   Data          64  keyboard.o(.bss)
    g_Uart5Buf                               0x20001cde   Data         512  keyboard.o(.bss)
    Lcd_Buffer                               0x20001ede   Data          32  lcd.o(.bss)
    payg                                     0x20001f00   Data         104  payg.o(.bss)
    __initial_sp                             0x20002f68   Data           0  startup_gd32f10x_hd.o(STACK)



==============================================================================

Memory Map of the image

  Image Entry point : 0x08000131

  Load Region LR_IROM1 (Base: 0x08000000, Size: 0x0000c3e8, Max: 0x00040000, ABSOLUTE, COMPRESSED[0x0000c150])

    Execution Region ER_IROM1 (Exec base: 0x08000000, Load base: 0x08000000, Size: 0x0000be54, Max: 0x00040000, ABSOLUTE)

    Exec Addr    Load Addr    Size         Type   Attr      Idx    E Section Name        Object

    0x08000000   0x08000000   0x00000130   Data   RO         6781    RESET               startup_gd32f10x_hd.o
    0x08000130   0x08000130   0x00000000   Code   RO         6847  * .ARM.Collect$$$$00000000  mc_w.l(entry.o)
    0x08000130   0x08000130   0x00000004   Code   RO         7135    .ARM.Collect$$$$00000001  mc_w.l(entry2.o)
    0x08000134   0x08000134   0x00000004   Code   RO         7138    .ARM.Collect$$$$00000004  mc_w.l(entry5.o)
    0x08000138   0x08000138   0x00000000   Code   RO         7140    .ARM.Collect$$$$00000008  mc_w.l(entry7b.o)
    0x08000138   0x08000138   0x00000000   Code   RO         7142    .ARM.Collect$$$$0000000A  mc_w.l(entry8b.o)
    0x08000138   0x08000138   0x00000008   Code   RO         7143    .ARM.Collect$$$$0000000B  mc_w.l(entry9a.o)
    0x08000140   0x08000140   0x00000000   Code   RO         7145    .ARM.Collect$$$$0000000D  mc_w.l(entry10a.o)
    0x08000140   0x08000140   0x00000000   Code   RO         7147    .ARM.Collect$$$$0000000F  mc_w.l(entry11a.o)
    0x08000140   0x08000140   0x00000004   Code   RO         7136    .ARM.Collect$$$$00002712  mc_w.l(entry2.o)
    0x08000144   0x08000144   0x00000024   Code   RO         6782    .text               startup_gd32f10x_hd.o
    0x08000168   0x08000168   0x00000024   Code   RO         6850    .text               mc_w.l(memcpya.o)
    0x0800018c   0x0800018c   0x00000024   Code   RO         6852    .text               mc_w.l(memseta.o)
    0x080001b0   0x080001b0   0x00000024   Code   RO         6854    .text               mc_w.l(strstr.o)
    0x080001d4   0x080001d4   0x0000000e   Code   RO         6856    .text               mc_w.l(strlen.o)
    0x080001e2   0x080001e2   0x0000001a   Code   RO         7121    .text               mc_w.l(atoi.o)
    0x080001fc   0x080001fc   0x0000014e   Code   RO         7123    .text               mf_w.l(dadd.o)
    0x0800034a   0x0800034a   0x000000e4   Code   RO         7125    .text               mf_w.l(dmul.o)
    0x0800042e   0x0800042e   0x000000de   Code   RO         7127    .text               mf_w.l(ddiv.o)
    0x0800050c   0x0800050c   0x0000002c   Code   RO         7150    .text               mc_w.l(uidiv.o)
    0x08000538   0x08000538   0x00000062   Code   RO         7152    .text               mc_w.l(uldiv.o)
    0x0800059a   0x0800059a   0x0000001e   Code   RO         7154    .text               mc_w.l(llshl.o)
    0x080005b8   0x080005b8   0x00000020   Code   RO         7156    .text               mc_w.l(llushr.o)
    0x080005d8   0x080005d8   0x00000024   Code   RO         7158    .text               mc_w.l(llsshr.o)
    0x080005fc   0x080005fc   0x00000070   Code   RO         7167    .text               mc_w.l(strtol.o)
    0x0800066c   0x0800066c   0x00000000   Code   RO         7169    .text               mc_w.l(iusefp.o)
    0x0800066c   0x0800066c   0x000000ba   Code   RO         7170    .text               mf_w.l(depilogue.o)
    0x08000726   0x08000726   0x00000030   Code   RO         7172    .text               mf_w.l(dfixul.o)
    0x08000756   0x08000756   0x00000002   PAD
    0x08000758   0x08000758   0x00000030   Code   RO         7174    .text               mf_w.l(cdrcmple.o)
    0x08000788   0x08000788   0x00000024   Code   RO         7176    .text               mc_w.l(init.o)
    0x080007ac   0x080007ac   0x00000008   Code   RO         7178    .text               mc_w.l(ctype_o.o)
    0x080007b4   0x080007b4   0x0000009e   Code   RO         7206    .text               mc_w.l(_strtoul.o)
    0x08000852   0x08000852   0x0000001c   Code   RO         7208    .text               mc_w.l(_chval.o)
    0x0800086e   0x0800086e   0x00000056   Code   RO         7218    .text               mc_w.l(__dczerorl2.o)
    0x080008c4   0x080008c4   0x0000000c   Code   RO          458    i.AdcDetectEnable   adc.o
    0x080008d0   0x080008d0   0x00000024   Code   RO          460    i.AdcGetBatAvgVolt  adc.o
    0x080008f4   0x080008f4   0x00000014   Code   RO          463    i.AdcGetVerfIntAvgVolt  adc.o
    0x08000908   0x08000908   0x00000002   Code   RO          464    i.AdcInit           adc.o
    0x0800090a   0x0800090a   0x00000002   PAD
    0x0800090c   0x0800090c   0x0000008c   Code   RO          465    i.AdcProc           adc.o
    0x08000998   0x08000998   0x00000084   Code   RO          536    i.AtCmdApnParse     atcmd.o
    0x08000a1c   0x08000a1c   0x0000008c   Code   RO          537    i.AtCmdApnPswdParse  atcmd.o
    0x08000aa8   0x08000aa8   0x0000008c   Code   RO          538    i.AtCmdApnUserParse  atcmd.o
    0x08000b34   0x08000b34   0x00000084   Code   RO          539    i.AtCmdBrokerParse  atcmd.o
    0x08000bb8   0x08000bb8   0x000001a4   Code   RO          540    i.AtCmdCipSend      atcmd.o
    0x08000d5c   0x08000d5c   0x00000018   Code   RO          541    i.AtCmdCipSendOk    atcmd.o
    0x08000d74   0x08000d74   0x000000b0   Code   RO          542    i.AtCmdCipStart     atcmd.o
    0x08000e24   0x08000e24   0x00000038   Code   RO          543    i.AtCmdCmgrSend     atcmd.o
    0x08000e5c   0x08000e5c   0x00000090   Code   RO          544    i.AtCmdCmgsSMSSend  atcmd.o
    0x08000eec   0x08000eec   0x00000034   Code   RO          545    i.AtCmdCmgsSend     atcmd.o
    0x08000f20   0x08000f20   0x0000000e   Code   RO          546    i.AtCmdCpmsAck      atcmd.o
    0x08000f2e   0x08000f2e   0x00000002   PAD
    0x08000f30   0x08000f30   0x00000094   Code   RO          547    i.AtCmdCsttSend     atcmd.o
    0x08000fc4   0x08000fc4   0x00000024   Code   RO          548    i.AtCmdGetValueLen  atcmd.o
    0x08000fe8   0x08000fe8   0x0000007c   Code   RO          549    i.AtCmdInit         atcmd.o
    0x08001064   0x08001064   0x00000010   Code   RO          550    i.AtCmdLenSend      atcmd.o
    0x08001074   0x08001074   0x00000084   Code   RO          551    i.AtCmdMeansFrqParse  atcmd.o
    0x080010f8   0x080010f8   0x00000074   Code   RO          552    i.AtCmdMerge        atcmd.o
    0x0800116c   0x0800116c   0x00000084   Code   RO          553    i.AtCmdMqttPswdParse  atcmd.o
    0x080011f0   0x080011f0   0x00000084   Code   RO          554    i.AtCmdMqttUsrNameParse  atcmd.o
    0x08001274   0x08001274   0x00001154   Code   RO          555    i.AtCmdPaser        atcmd.o
    0x080023c8   0x080023c8   0x00000040   Code   RO          556    i.AtCmdPhoneNoParse  atcmd.o
    0x08002408   0x08002408   0x00000084   Code   RO          557    i.AtCmdPortParse    atcmd.o
    0x0800248c   0x0800248c   0x000000ec   Code   RO          558    i.AtCmdProc         atcmd.o
    0x08002578   0x08002578   0x00000016   Code   RO          559    i.AtCmdSend         atcmd.o
    0x0800258e   0x0800258e   0x00000002   PAD
    0x08002590   0x08002590   0x00000264   Code   RO          561    i.AtCmdTokenParse   atcmd.o
    0x080027f4   0x080027f4   0x00000088   Code   RO          562    i.AtCmdTransFrqParse  atcmd.o
    0x0800287c   0x0800287c   0x00000070   Code   RO          563    i.AtSetSubscribeId  atcmd.o
    0x080028ec   0x080028ec   0x00000080   Code   RO          564    i.AtSetTopicId      atcmd.o
    0x0800296c   0x0800296c   0x00000058   Code   RO          565    i.AtStrStr          atcmd.o
    0x080029c4   0x080029c4   0x00000040   Code   RO          566    i.AtouI             atcmd.o
    0x08002a04   0x08002a04   0x0000000c   Code   RO          744    i.BleComEnable      ble.o
    0x08002a10   0x08002a10   0x0000000c   Code   RO          805    i.BmsComEnable      bq40z50.o
    0x08002a1c   0x08002a1c   0x00000004   Code   RO            3    i.BusFault_Handler  gd32f10x_it.o
    0x08002a20   0x08002a20   0x00000020   Code   RO          840    i.CRC8              camp.o
    0x08002a40   0x08002a40   0x0000000c   Code   RO          841    i.CampGetEnable     camp.o
    0x08002a4c   0x08002a4c   0x0000008e   Code   RO          847    i.CampInsert        camp.o
    0x08002ada   0x08002ada   0x00000046   Code   RO          848    i.CampInttoStrs     camp.o
    0x08002b20   0x08002b20   0x0000000c   Code   RO          850    i.CampStart         camp.o
    0x08002b2c   0x08002b2c   0x00000048   Code   RO         1059    i.Check_Ds1302Runs  ds1302.o
    0x08002b74   0x08002b74   0x0000000c   Code   RO          934    i.CoulomComEnable   coulom.o
    0x08002b80   0x08002b80   0x00000002   Code   RO            4    i.DebugMon_Handler  gd32f10x_it.o
    0x08002b82   0x08002b82   0x0000002e   Code   RO         1061    i.Delay             ds1302.o
    0x08002bb0   0x08002bb0   0x0000000c   Code   RO         2016    i.DemoModeStart     key.o
    0x08002bbc   0x08002bbc   0x0000000c   Code   RO         1186    i.EEpGetDemoCnt     eeprom.o
    0x08002bc8   0x08002bc8   0x0000000c   Code   RO         1187    i.EEpGetHeartbeat   eeprom.o
    0x08002bd4   0x08002bd4   0x00000018   Code   RO         1190    i.EEpGetOnlineTime  eeprom.o
    0x08002bec   0x08002bec   0x0000000c   Code   RO         1191    i.EEpGetRamLRptNum  eeprom.o
    0x08002bf8   0x08002bf8   0x00000014   Code   RO         1192    i.EEpGetRamLRptTime  eeprom.o
    0x08002c0c   0x08002c0c   0x00000028   Code   RO         1193    i.EEpGetSleepTime   eeprom.o
    0x08002c34   0x08002c34   0x0000000c   Code   RO         1197    i.EEpGetWakeupCnt   eeprom.o
    0x08002c40   0x08002c40   0x000000f4   Code   RO         1198    i.EEpInit           eeprom.o
    0x08002d34   0x08002d34   0x00000034   Code   RO         1199    i.EEpProcess        eeprom.o
    0x08002d68   0x08002d68   0x00000030   Code   RO         1200    i.EEpRead           eeprom.o
    0x08002d98   0x08002d98   0x00000014   Code   RO         1201    i.EEpReadPage       eeprom.o
    0x08002dac   0x08002dac   0x00000014   Code   RO         1206    i.EEpSetDemoCnt     eeprom.o
    0x08002dc0   0x08002dc0   0x00000014   Code   RO         1210    i.EEpSetWakeupCnt   eeprom.o
    0x08002dd4   0x08002dd4   0x0000000c   Code   RO         1211    i.EEpUpdateEnable   eeprom.o
    0x08002de0   0x08002de0   0x00000002   Code   RO         1212    i.EEpWrite          eeprom.o
    0x08002de2   0x08002de2   0x00000014   Code   RO         1213    i.EEpWritePage      eeprom.o
    0x08002df6   0x08002df6   0x00000002   PAD
    0x08002df8   0x08002df8   0x000001f0   Code   RO         1417    i.GattAllFieldJsonMerge  gatt.o
    0x08002fe8   0x08002fe8   0x000002a0   Code   RO         1418    i.GattDtTypeFieldJsonMerge  gatt.o
    0x08003288   0x08003288   0x0000009e   Code   RO         1423    i.GattGetData       gatt.o
    0x08003326   0x08003326   0x00000002   PAD
    0x08003328   0x08003328   0x00000008   Code   RO         1424    i.GattGetJsonBuff   gatt.o
    0x08003330   0x08003330   0x00000054   Code   RO         1426    i.GattGetListInfor  gatt.o
    0x08003384   0x08003384   0x0000009c   Code   RO         1427    i.GattGetListProp   gatt.o
    0x08003420   0x08003420   0x00000012   Code   RO         1431    i.GattGetRelativeSOC  gatt.o
    0x08003432   0x08003432   0x00000002   PAD
    0x08003434   0x08003434   0x00000060   Code   RO         1432    i.GattInit          gatt.o
    0x08003494   0x08003494   0x000002b0   Code   RO         1433    i.GattMultiFieldMerge  gatt.o
    0x08003744   0x08003744   0x0000000c   Code   RO         1434    i.GattSetAccuCyc    gatt.o
    0x08003750   0x08003750   0x0000001c   Code   RO         1436    i.GattSetBattCurrent  gatt.o
    0x0800376c   0x0800376c   0x0000001c   Code   RO         1437    i.GattSetBattTemp   gatt.o
    0x08003788   0x08003788   0x0000001c   Code   RO         1438    i.GattSetBattVolt   gatt.o
    0x080037a4   0x080037a4   0x0000001c   Code   RO         1446    i.GattSetChargePower  gatt.o
    0x080037c0   0x080037c0   0x00000068   Code   RO         1447    i.GattSetCmdUplinkData  gatt.o
    0x08003828   0x08003828   0x00000098   Code   RO         1448    i.GattSetData       gatt.o
    0x080038c0   0x080038c0   0x0000000c   Code   RO         1450    i.GattSetFullChrgeCap  gatt.o
    0x080038cc   0x080038cc   0x0000001c   Code   RO         1451    i.GattSetGprsConnectFailCnt  gatt.o
    0x080038e8   0x080038e8   0x0000001c   Code   RO         1452    i.GattSetGprsConnectTime  gatt.o
    0x08003904   0x08003904   0x0000001c   Code   RO         1453    i.GattSetGprsRssi   gatt.o
    0x08003920   0x08003920   0x0000001c   Code   RO         1454    i.GattSetGprsSleepTime  gatt.o
    0x0800393c   0x0800393c   0x00000030   Code   RO         1455    i.GattSetGpsCordLat  gatt.o
    0x0800396c   0x0800396c   0x00000030   Code   RO         1456    i.GattSetGpsCordLon  gatt.o
    0x0800399c   0x0800399c   0x00000024   Code   RO         1457    i.GattSetHashTop    gatt.o
    0x080039c0   0x080039c0   0x0000001c   Code   RO         1458    i.GattSetHeartbeat  gatt.o
    0x080039dc   0x080039dc   0x00000024   Code   RO         1460    i.GattSetOpid       gatt.o
    0x08003a00   0x08003a00   0x0000001c   Code   RO         1461    i.GattSetOutputCtrlState  gatt.o
    0x08003a1c   0x08003a1c   0x0000001c   Code   RO         1462    i.GattSetPaygDays   gatt.o
    0x08003a38   0x08003a38   0x0000001c   Code   RO         1463    i.GattSetPaygState  gatt.o
    0x08003a54   0x08003a54   0x00000024   Code   RO         1464    i.GattSetPpid       gatt.o
    0x08003a78   0x08003a78   0x0000001c   Code   RO         1465    i.GattSetRelativeSOC  gatt.o
    0x08003a94   0x08003a94   0x0000001c   Code   RO         1466    i.GattSetReportMode  gatt.o
    0x08003ab0   0x08003ab0   0x0000001c   Code   RO         1467    i.GattSetRmCap      gatt.o
    0x08003acc   0x08003acc   0x0000001c   Code   RO         1468    i.GattSetRmPayDays  gatt.o
    0x08003ae8   0x08003ae8   0x0000000c   Code   RO         1469    i.GattSetRunDayBackup  gatt.o
    0x08003af4   0x08003af4   0x0000001c   Code   RO         1470    i.GattSetRunDays    gatt.o
    0x08003b10   0x08003b10   0x0000001c   Code   RO         1472    i.GattSetSysStatusCode  gatt.o
    0x08003b2c   0x08003b2c   0x00000034   Code   RO         1473    i.GattSetUplinkData  gatt.o
    0x08003b60   0x08003b60   0x00000024   Code   RO         1474    i.GattSetVersion    gatt.o
    0x08003b84   0x08003b84   0x000002dc   Code   RO         1475    i.GattSingleFieldMerge  gatt.o
    0x08003e60   0x08003e60   0x0000000c   Code   RO         2017    i.GetDemoState      key.o
    0x08003e6c   0x08003e6c   0x00000128   Code   RO         1062    i.GetDs1302Day      ds1302.o
    0x08003f94   0x08003f94   0x0000000c   Code   RO         1064    i.GetSysErrorCode   ds1302.o
    0x08003fa0   0x08003fa0   0x0000000c   Code   RO         2827    i.GetTimerGsmComEvent  timer.o
    0x08003fac   0x08003fac   0x0000000c   Code   RO         1852    i.GmsGetSimcardState  gsmcom.o
    0x08003fb8   0x08003fb8   0x0000000c   Code   RO         1853    i.GmsNetConnectState  gsmcom.o
    0x08003fc4   0x08003fc4   0x0000000c   Code   RO         1854    i.GmsSetNetConnectState  gsmcom.o
    0x08003fd0   0x08003fd0   0x0000000c   Code   RO         1855    i.GmsSetSimcardState  gsmcom.o
    0x08003fdc   0x08003fdc   0x0000000c   Code   RO         1856    i.GmsWakeup         gsmcom.o
    0x08003fe8   0x08003fe8   0x0000001c   Code   RO         1857    i.GsmComIdle        gsmcom.o
    0x08004004   0x08004004   0x00000010   Code   RO         1858    i.GsmComInit        gsmcom.o
    0x08004014   0x08004014   0x00000044   Code   RO         1859    i.GsmComProc        gsmcom.o
    0x08004058   0x08004058   0x00000020   Code   RO         2828    i.HAL_Delay         timer.o
    0x08004078   0x08004078   0x0000000c   Code   RO         2829    i.HAL_GetTick       timer.o
    0x08004084   0x08004084   0x00000148   Code   RO         2830    i.HAL_SYSTICK_Callback  timer.o
    0x080041cc   0x080041cc   0x00000004   Code   RO            5    i.HardFault_Handler  gd32f10x_it.o
    0x080041d0   0x080041d0   0x000000e8   Code   RO         2498    i.Hash_Opration     payg.o
    0x080042b8   0x080042b8   0x00000050   Code   RO         2499    i.HexToStr          payg.o
    0x08004308   0x08004308   0x00000060   Code   RO         1065    i.InitDs1302        ds1302.o
    0x08004368   0x08004368   0x00000014   Code   RO         2022    i.IsKeyEvent        key.o
    0x0800437c   0x0800437c   0x00000010   Code   RO         1960    i.Jbd485Send        jbsbms.o
    0x0800438c   0x0800438c   0x00000024   Code   RO         1961    i.JbsBmsChecksum    jbsbms.o
    0x080043b0   0x080043b0   0x00000080   Code   RO         1962    i.JbsBmsInit        jbsbms.o
    0x08004430   0x08004430   0x000002f8   Code   RO         1963    i.JbsBmsTask        jbsbms.o
    0x08004728   0x08004728   0x00000170   Code   RO         1964    i.JbsBms_GetInfo    jbsbms.o
    0x08004898   0x08004898   0x0000001c   Code   RO         2126    i.KeyBoardInit      keyboard.o
    0x080048b4   0x080048b4   0x0000000c   Code   RO         2028    i.KeyboardUsbPwrSet  key.o
    0x080048c0   0x080048c0   0x00000050   Code   RO         2198    i.LCDSendAddr       lcd.o
    0x08004910   0x08004910   0x00000048   Code   RO         2199    i.LCDSendCom        lcd.o
    0x08004958   0x08004958   0x00000044   Code   RO         2200    i.LCDSendData       lcd.o
    0x0800499c   0x0800499c   0x00000018   Code   RO         2201    i.LcdClearAll       lcd.o
    0x080049b4   0x080049b4   0x00000144   Code   RO         2203    i.LcdInit           lcd.o
    0x08004af8   0x08004af8   0x00000044   Code   RO         2208    i.LcdUpdateAll      lcd.o
    0x08004b3c   0x08004b3c   0x00000004   Code   RO            6    i.MemManage_Handler  gd32f10x_it.o
    0x08004b40   0x08004b40   0x00000014   Code   RO         2306    i.MenuFlashSet      menu.o
    0x08004b54   0x08004b54   0x00000010   Code   RO         2307    i.MenuGetFlashState  menu.o
    0x08004b64   0x08004b64   0x0000000c   Code   RO         2310    i.MenuRefresh       menu.o
    0x08004b70   0x08004b70   0x00000024   Code   RO         2311    i.MenuSaverSet      menu.o
    0x08004b94   0x08004b94   0x0000003c   Code   RO         2312    i.MenuSaverUpdate   menu.o
    0x08004bd0   0x08004bd0   0x00000018   Code   RO         2500    i.MiddleStr         payg.o
    0x08004be8   0x08004be8   0x0000000c   Code   RO         1860    i.MqttGetRequest    gsmcom.o
    0x08004bf4   0x08004bf4   0x0000000c   Code   RO         1861    i.MqttGetState      gsmcom.o
    0x08004c00   0x08004c00   0x0000000c   Code   RO         1862    i.MqttInit          gsmcom.o
    0x08004c0c   0x08004c0c   0x00000458   Code   RO         1863    i.MqttProc          gsmcom.o
    0x08005064   0x08005064   0x0000000c   Code   RO         1864    i.MqttSetRequest    gsmcom.o
    0x08005070   0x08005070   0x00000002   Code   RO            7    i.NMI_Handler       gd32f10x_it.o
    0x08005072   0x08005072   0x00000002   PAD
    0x08005074   0x08005074   0x0000025c   Code   RO         2127    i.PKeybordProc      keyboard.o
    0x080052d0   0x080052d0   0x0000001c   Code   RO         2501    i.PaygGetFreeState  payg.o
    0x080052ec   0x080052ec   0x00000020   Code   RO         2502    i.PaygGetPayState   payg.o
    0x0800530c   0x0800530c   0x00000008   Code   RO         2503    i.PaygGetPaygBuf    payg.o
    0x08005314   0x08005314   0x00000054   Code   RO         2504    i.PaygInit          payg.o
    0x08005368   0x08005368   0x00000248   Code   RO         2505    i.PaygOvesInput     payg.o
    0x080055b0   0x080055b0   0x00000088   Code   RO         2506    i.PaygOvesTask      payg.o
    0x08005638   0x08005638   0x00000124   Code   RO         2507    i.PaygProcess       payg.o
    0x0800575c   0x0800575c   0x0000000c   Code   RO         2508    i.PaygUpdateEnable  payg.o
    0x08005768   0x08005768   0x00000002   Code   RO            8    i.PendSV_Handler    gd32f10x_it.o
    0x0800576a   0x0800576a   0x00000010   Code   RO         2128    i.Printf_Usart_num  keyboard.o
    0x0800577a   0x0800577a   0x00000002   PAD
    0x0800577c   0x0800577c   0x0000099c   Code   RO         2130    i.Process_cmd_all   keyboard.o
    0x08006118   0x08006118   0x0000000c   Code   RO         2641    i.PumpComStart      pump.o
    0x08006124   0x08006124   0x00000038   Code   RO         2646    i.PumpSend          pump.o
    0x0800615c   0x0800615c   0x00000190   Code   RO         2647    i.PumpTxCmd         pump.o
    0x080062ec   0x080062ec   0x00000044   Code   RO         2509    i.SHA               payg.o
    0x08006330   0x08006330   0x00000002   Code   RO            9    i.SVC_Handler       gd32f10x_it.o
    0x08006332   0x08006332   0x00000002   PAD
    0x08006334   0x08006334   0x00000010   Code   RO         2131    i.Send_RechargeOK   keyboard.o
    0x08006344   0x08006344   0x00000140   Code   RO         2132    i.Serial_Cmd        keyboard.o
    0x08006484   0x08006484   0x0000001c   Code   RO         1865    i.SmsInit           gsmcom.o
    0x080064a0   0x080064a0   0x00000314   Code   RO         1866    i.SmsProc           gsmcom.o
    0x080067b4   0x080067b4   0x00000010   Code   RO           10    i.SysTick_Handler   gd32f10x_it.o
    0x080067c4   0x080067c4   0x000000d4   Code   RO         3092    i.SystemInit        system_gd32f10x.o
    0x08006898   0x08006898   0x00000048   Code   RO         2831    i.TimeBacklightCallback  timer.o
    0x080068e0   0x080068e0   0x00000002   Code   RO         2833    i.TimeCoulomCallback  timer.o
    0x080068e2   0x080068e2   0x00000002   PAD
    0x080068e4   0x080068e4   0x00000018   Code   RO         2835    i.TimeKbPwrHoldCallback  timer.o
    0x080068fc   0x080068fc   0x0000001e   Code   RO         2836    i.TimeRamlReportCallback  timer.o
    0x0800691a   0x0800691a   0x00000010   Code   RO         2837    i.TimeSaverCallback  timer.o
    0x0800692a   0x0800692a   0x00000022   Code   RO         2838    i.TimeUiFlashCallback  timer.o
    0x0800694c   0x0800694c   0x00000030   Code   RO         2839    i.TimerAtTOutStart  timer.o
    0x0800697c   0x0800697c   0x00000024   Code   RO         2840    i.TimerAtTOutStop   timer.o
    0x080069a0   0x080069a0   0x00000010   Code   RO         2841    i.TimerBmsComCallback  timer.o
    0x080069b0   0x080069b0   0x0000000e   Code   RO         2842    i.TimerCampCallback  timer.o
    0x080069be   0x080069be   0x00000002   PAD
    0x080069c0   0x080069c0   0x00000028   Code   RO         2849    i.TimerDemoSet      timer.o
    0x080069e8   0x080069e8   0x00000048   Code   RO         2850    i.TimerEventClear   timer.o
    0x08006a30   0x08006a30   0x0000001c   Code   RO         2852    i.TimerGprsUploadCallback  timer.o
    0x08006a4c   0x08006a4c   0x00000020   Code   RO         2853    i.TimerGsmComSet    timer.o
    0x08006a6c   0x08006a6c   0x000002f4   Code   RO         2854    i.TimerInit         timer.o
    0x08006d60   0x08006d60   0x00000020   Code   RO         2855    i.TimerKbPwrHoldSet  timer.o
    0x08006d80   0x08006d80   0x00000024   Code   RO         2856    i.TimerKeyScan      timer.o
    0x08006da4   0x08006da4   0x00000010   Code   RO         2858    i.TimerPaygCallback  timer.o
    0x08006db4   0x08006db4   0x0000001c   Code   RO         2859    i.TimerPumpCallback  timer.o
    0x08006dd0   0x08006dd0   0x00000034   Code   RO         2861    i.TimerSleepSet     timer.o
    0x08006e04   0x08006e04   0x0000000c   Code   RO         2862    i.TimerSleepState   timer.o
    0x08006e10   0x08006e10   0x00000058   Code   RO           11    i.UART3_IRQHandler  gd32f10x_it.o
    0x08006e68   0x08006e68   0x00000058   Code   RO           12    i.UART4_IRQHandler  gd32f10x_it.o
    0x08006ec0   0x08006ec0   0x00000058   Code   RO           13    i.USART0_IRQHandler  gd32f10x_it.o
    0x08006f18   0x08006f18   0x00000058   Code   RO           14    i.USART1_IRQHandler  gd32f10x_it.o
    0x08006f70   0x08006f70   0x00000058   Code   RO           15    i.USART2_IRQHandler  gd32f10x_it.o
    0x08006fc8   0x08006fc8   0x0000004c   Code   RO          288    i.Uart1Init         main.o
    0x08007014   0x08007014   0x00000048   Code   RO          290    i.Uart2Init         main.o
    0x0800705c   0x0800705c   0x00000030   Code   RO          291    i.Uart2Send         main.o
    0x0800708c   0x0800708c   0x0000004c   Code   RO          292    i.Uart3Init         main.o
    0x080070d8   0x080070d8   0x00000030   Code   RO          293    i.Uart3Send         main.o
    0x08007108   0x08007108   0x0000004c   Code   RO          294    i.Uart4Init         main.o
    0x08007154   0x08007154   0x00000058   Code   RO          296    i.Uart5Init         main.o
    0x080071ac   0x080071ac   0x00000030   Code   RO          297    i.Uart5Send         main.o
    0x080071dc   0x080071dc   0x00000054   Code   RO          298    i.UartConfig        main.o
    0x08007230   0x08007230   0x00000004   Code   RO           16    i.UsageFault_Handler  gd32f10x_it.o
    0x08007234   0x08007234   0x00000028   Code   RO         7095    i.__0sprintf        mc_w.l(printfa.o)
    0x0800725c   0x0800725c   0x00000008   Code   RO         7160    i.__aeabi_errno_addr  mc_w.l(errno.o)
    0x08007264   0x08007264   0x0000000e   Code   RO         7212    i.__scatterload_copy  mc_w.l(handlers.o)
    0x08007272   0x08007272   0x00000002   Code   RO         7213    i.__scatterload_null  mc_w.l(handlers.o)
    0x08007274   0x08007274   0x0000000e   Code   RO         7214    i.__scatterload_zeroinit  mc_w.l(handlers.o)
    0x08007282   0x08007282   0x00000002   PAD
    0x08007284   0x08007284   0x00000164   Code   RO         7100    i._fp_digits        mc_w.l(printfa.o)
    0x080073e8   0x080073e8   0x000006dc   Code   RO         7101    i._printf_core      mc_w.l(printfa.o)
    0x08007ac4   0x08007ac4   0x00000024   Code   RO         7102    i._printf_post_padding  mc_w.l(printfa.o)
    0x08007ae8   0x08007ae8   0x0000002e   Code   RO         7103    i._printf_pre_padding  mc_w.l(printfa.o)
    0x08007b16   0x08007b16   0x0000000a   Code   RO         7105    i._sputc            mc_w.l(printfa.o)
    0x08007b20   0x08007b20   0x0000001a   Code   RO         2510    i.big_litle_endian  payg.o
    0x08007b3a   0x08007b3a   0x0000003c   Code   RO         2648    i.crc_chk_value     pump.o
    0x08007b76   0x08007b76   0x00000002   Code   RO         2133    i.debug_printf      keyboard.o
    0x08007b78   0x08007b78   0x00000018   Code   RO          404    i.delay_decrement   systick.o
    0x08007b90   0x08007b90   0x00000018   Code   RO         6792    i.gd_eval_led_off   gd32f10x_eval.o
    0x08007ba8   0x08007ba8   0x00000018   Code   RO         6793    i.gd_eval_led_on    gd32f10x_eval.o
    0x08007bc0   0x08007bc0   0x0000000a   Code   RO         4733    i.gpio_bit_write    gd32f10x_gpio.o
    0x08007bca   0x08007bca   0x000000ac   Code   RO         4739    i.gpio_init         gd32f10x_gpio.o
    0x08007c76   0x08007c76   0x00000010   Code   RO         4740    i.gpio_input_bit_get  gd32f10x_gpio.o
    0x08007c86   0x08007c86   0x00000002   PAD
    0x08007c88   0x08007c88   0x0000003c   Code   RO          300    i.led_spark         main.o
    0x08007cc4   0x08007cc4   0x000000d4   Code   RO          301    i.main              main.o
    0x08007d98   0x08007d98   0x000000ac   Code   RO         5053    i.nvic_irq_enable   gd32f10x_misc.o
    0x08007e44   0x08007e44   0x00000014   Code   RO         5054    i.nvic_priority_group_set  gd32f10x_misc.o
    0x08007e58   0x08007e58   0x00000018   Code   RO         5055    i.nvic_vector_table_set  gd32f10x_misc.o
    0x08007e70   0x08007e70   0x00000124   Code   RO         5203    i.rcu_clock_freq_get  gd32f10x_rcu.o
    0x08007f94   0x08007f94   0x00000020   Code   RO         5220    i.rcu_periph_clock_enable  gd32f10x_rcu.o
    0x08007fb4   0x08007fb4   0x00000020   Code   RO         5223    i.rcu_periph_reset_disable  gd32f10x_rcu.o
    0x08007fd4   0x08007fd4   0x00000020   Code   RO         5224    i.rcu_periph_reset_enable  gd32f10x_rcu.o
    0x08007ff4   0x08007ff4   0x00000098   Code   RO         1073    i.read_1302         ds1302.o
    0x0800808c   0x0800808c   0x00000050   Code   RO         2513    i.sha1_c            payg.o
    0x080080dc   0x080080dc   0x000000e8   Code   RO         2514    i.sha1_finish       payg.o
    0x080081c4   0x080081c4   0x0000191c   Code   RO         2515    i.sha1_process      payg.o
    0x08009ae0   0x08009ae0   0x0000002c   Code   RO         2516    i.sha1_starts       payg.o
    0x08009b0c   0x08009b0c   0x0000007c   Code   RO         2517    i.sha1_update       payg.o
    0x08009b88   0x08009b88   0x000000ac   Code   RO         3093    i.system_clock_72m_irc8m  system_gd32f10x.o
    0x08009c34   0x08009c34   0x00000008   Code   RO         3094    i.system_clock_config  system_gd32f10x.o
    0x08009c3c   0x08009c3c   0x00000090   Code   RO         6451    i.usart_baudrate_set  gd32f10x_usart.o
    0x08009ccc   0x08009ccc   0x0000000a   Code   RO         6452    i.usart_data_receive  gd32f10x_usart.o
    0x08009cd6   0x08009cd6   0x00000008   Code   RO         6453    i.usart_data_transmit  gd32f10x_usart.o
    0x08009cde   0x08009cde   0x00000002   PAD
    0x08009ce0   0x08009ce0   0x00000090   Code   RO         6454    i.usart_deinit      gd32f10x_usart.o
    0x08009d70   0x08009d70   0x0000000a   Code   RO         6458    i.usart_enable      gd32f10x_usart.o
    0x08009d7a   0x08009d7a   0x0000001e   Code   RO         6460    i.usart_flag_get    gd32f10x_usart.o
    0x08009d98   0x08009d98   0x00000010   Code   RO         6464    i.usart_hardware_flow_cts_config  gd32f10x_usart.o
    0x08009da8   0x08009da8   0x00000010   Code   RO         6465    i.usart_hardware_flow_rts_config  gd32f10x_usart.o
    0x08009db8   0x08009db8   0x00000038   Code   RO         6469    i.usart_interrupt_flag_get  gd32f10x_usart.o
    0x08009df0   0x08009df0   0x00000010   Code   RO         6479    i.usart_parity_config  gd32f10x_usart.o
    0x08009e00   0x08009e00   0x00000010   Code   RO         6481    i.usart_receive_config  gd32f10x_usart.o
    0x08009e10   0x08009e10   0x00000010   Code   RO         6487    i.usart_stop_bit_set  gd32f10x_usart.o
    0x08009e20   0x08009e20   0x00000010   Code   RO         6491    i.usart_transmit_config  gd32f10x_usart.o
    0x08009e30   0x08009e30   0x00000010   Code   RO         6492    i.usart_word_length_set  gd32f10x_usart.o
    0x08009e40   0x08009e40   0x00000064   Code   RO         1074    i.write_1302        ds1302.o
    0x08009ea4   0x08009ea4   0x0000006c   Code   RO         1075    i.write_1302byte    ds1302.o
    0x08009f10   0x08009f10   0x000002cc   Data   RO          568    .constdata          atcmd.o
    0x0800a1dc   0x0800a1dc   0x00000fa4   Data   RO         1477    .constdata          gatt.o
    0x0800b180   0x0800b180   0x000000fc   Data   RO         2863    .constdata          timer.o
    0x0800b27c   0x0800b27c   0x00000081   Data   RO         7179    .constdata          mc_w.l(ctype_o.o)
    0x0800b2fd   0x0800b2fd   0x00000003   PAD
    0x0800b300   0x0800b300   0x00000004   Data   RO         7180    .constdata          mc_w.l(ctype_o.o)
    0x0800b304   0x0800b304   0x00000242   Data   RO          569    .conststring        atcmd.o
    0x0800b546   0x0800b546   0x00000002   PAD
    0x0800b548   0x0800b548   0x000008e9   Data   RO         1478    .conststring        gatt.o
    0x0800be31   0x0800be31   0x00000003   PAD
    0x0800be34   0x0800be34   0x00000020   Data   RO         7210    Region$$Table       anon$$obj.o


    Execution Region RW_IRAM1 (Exec base: 0x20000000, Load base: 0x0800be54, Size: 0x00002f68, Max: 0x0000c000, ABSOLUTE, COMPRESSED[0x000002fc])

    Exec Addr    Load Addr    Size         Type   Attr      Idx    E Section Name        Object

    0x20000000   COMPRESSED   0x0000002c   Data   RW          302    .data               main.o
    0x2000002c   COMPRESSED   0x00000004   Data   RW          406    .data               systick.o
    0x20000030   COMPRESSED   0x00000024   Data   RW          468    .data               adc.o
    0x20000054   COMPRESSED   0x0000004f   Data   RW          570    .data               atcmd.o
    0x200000a3   COMPRESSED   0x00000001   PAD
    0x200000a4   COMPRESSED   0x00000008   Data   RW          751    .data               ble.o
    0x200000ac   COMPRESSED   0x00000001   Data   RW          808    .data               bq40z50.o
    0x200000ad   COMPRESSED   0x00000003   PAD
    0x200000b0   COMPRESSED   0x00000110   Data   RW          854    .data               camp.o
    0x200001c0   COMPRESSED   0x0000007f   Data   RW          951    .data               coulom.o
    0x2000023f   COMPRESSED   0x00000015   Data   RW         1077    .data               ds1302.o
    0x20000254   COMPRESSED   0x00000005   Data   RW         1218    .data               eeprom.o
    0x20000259   COMPRESSED   0x00000008   Data   RW         1867    .data               gsmcom.o
    0x20000261   COMPRESSED   0x00000001   PAD
    0x20000262   COMPRESSED   0x00000052   Data   RW         1967    .data               jbsbms.o
    0x200002b4   COMPRESSED   0x0000000f   Data   RW         2032    .data               key.o
    0x200002c3   COMPRESSED   0x00000001   PAD
    0x200002c4   COMPRESSED   0x000000b0   Data   RW         2135    .data               keyboard.o
    0x20000374   COMPRESSED   0x0000000a   Data   RW         2325    .data               menu.o
    0x2000037e   COMPRESSED   0x00000002   PAD
    0x20000380   COMPRESSED   0x00000080   Data   RW         2519    .data               payg.o
    0x20000400   COMPRESSED   0x00000063   Data   RW         2651    .data               pump.o
    0x20000463   COMPRESSED   0x00000001   PAD
    0x20000464   COMPRESSED   0x000000ac   Data   RW         2864    .data               timer.o
    0x20000510   COMPRESSED   0x0000007d   Data   RW         6795    .data               gd32f10x_eval.o
    0x2000058d   COMPRESSED   0x00000003   PAD
    0x20000590   COMPRESSED   0x00000004   Data   RW         7163    .data               mc_w.l(errno.o)
    0x20000594        -       0x00000078   Zero   RW          467    .bss                adc.o
    0x2000060c        -       0x0000055a   Zero   RW          567    .bss                atcmd.o
    0x20000b66        -       0x0000002e   Zero   RW          807    .bss                bq40z50.o
    0x20000b94        -       0x0000043c   Zero   RW          852    .bss                camp.o
    0x20000fd0        -       0x000001c0   Zero   RW         1217    .bss                eeprom.o
    0x20001190        -       0x00000a7e   Zero   RW         1476    .bss                gatt.o
    0x20001c0e        -       0x00000010   Zero   RW         1966    .bss                jbsbms.o
    0x20001c1e        -       0x000002c0   Zero   RW         2134    .bss                keyboard.o
    0x20001ede        -       0x00000020   Zero   RW         2213    .bss                lcd.o
    0x20001efe   COMPRESSED   0x00000002   PAD
    0x20001f00        -       0x00000068   Zero   RW         2518    .bss                payg.o
    0x20001f68        -       0x00001000   Zero   RW         6779    STACK               startup_gd32f10x_hd.o


==============================================================================

Image component sizes


      Code (inc. data)   RO Data    RW Data    ZI Data      Debug   Object Name

       210         32          0         36        120       4049   adc.o
      8296       1628       1294         79       1370      23671   atcmd.o
        12          4          0          8          0       1383   ble.o
        12          4          0          1         46        958   bq40z50.o
       268         12          0        272       1084       7536   camp.o
        12          4          0        127          0       2873   coulom.o
       882         54          0         21          0       6111   ds1302.o
       570        130          0          5        448       8284   eeprom.o
      4196        804       6285          0       2686      22963   gatt.o
        48         16          0        125          0       3875   gd32f10x_eval.o
       198          0          0          0          0      11802   gd32f10x_gpio.o
       480         90          0          0          0      51084   gd32f10x_it.o
       216         28          0          0          0       1996   gd32f10x_misc.o
       388         40          0          0          0      16124   gd32f10x_rcu.o
       514         16          0          0          0      14590   gd32f10x_usart.o
      2148        206          0          8          0       8927   gsmcom.o
      1308        134          0         82         16       5483   jbsbms.o
        56         22          0         15          0       3053   key.o
      3446        302          0        176        704       7980   keyboard.o
       636         32          0          0         32       3805   lcd.o
       888        100          0         44          0       5965   main.o
       144         24          0         10          0       2699   menu.o
      8514        218          0        128        104      13313   payg.o
       528         76          0         99          0       3958   pump.o
        36          8        304          0       4096        848   startup_gd32f10x_hd.o
       392         28          0          0          0       2441   system_gd32f10x.o
        24          6          0          4          0       5114   systick.o
      1780        148        252        172          0      13945   timer.o

    ----------------------------------------------------------------------
     36228       4166       8172       1424      10708     254830   Object Totals
         0          0         32          0          0          0   (incl. Generated)
        26          0          5         12          2          0   (incl. Padding)

    ----------------------------------------------------------------------

      Code (inc. data)   RO Data    RW Data    ZI Data      Debug   Library Member Name

        86          0          0          0          0          0   __dczerorl2.o
        28          0          0          0          0         68   _chval.o
       158          0          0          0          0         92   _strtoul.o
        26          0          0          0          0         80   atoi.o
         8          4        133          0          0         68   ctype_o.o
         0          0          0          0          0          0   entry.o
         0          0          0          0          0          0   entry10a.o
         0          0          0          0          0          0   entry11a.o
         8          4          0          0          0          0   entry2.o
         4          0          0          0          0          0   entry5.o
         0          0          0          0          0          0   entry7b.o
         0          0          0          0          0          0   entry8b.o
         8          4          0          0          0          0   entry9a.o
         8          4          0          4          0         68   errno.o
        30          0          0          0          0          0   handlers.o
        36          8          0          0          0         68   init.o
         0          0          0          0          0          0   iusefp.o
        30          0          0          0          0         68   llshl.o
        36          0          0          0          0         68   llsshr.o
        32          0          0          0          0         68   llushr.o
        36          0          0          0          0         68   memcpya.o
        36          0          0          0          0        108   memseta.o
      2244         86          0          0          0        512   printfa.o
        14          0          0          0          0         68   strlen.o
        36          0          0          0          0         80   strstr.o
       112          0          0          0          0         88   strtol.o
        44          0          0          0          0         80   uidiv.o
        98          0          0          0          0         92   uldiv.o
        48          0          0          0          0         68   cdrcmple.o
       334          0          0          0          0        148   dadd.o
       222          0          0          0          0        100   ddiv.o
       186          0          0          0          0        176   depilogue.o
        48          0          0          0          0         68   dfixul.o
       228          0          0          0          0         96   dmul.o

    ----------------------------------------------------------------------
      4188        110        136          4          0       2400   Library Totals
         4          0          3          0          0          0   (incl. Padding)

    ----------------------------------------------------------------------

      Code (inc. data)   RO Data    RW Data    ZI Data      Debug   Library Name

      3118        110        133          4          0       1744   mc_w.l
      1066          0          0          0          0        656   mf_w.l

    ----------------------------------------------------------------------
      4188        110        136          4          0       2400   Library Totals

    ----------------------------------------------------------------------

==============================================================================


      Code (inc. data)   RO Data    RW Data    ZI Data      Debug   

     40416       4276       8308       1428      10708     243422   Grand Totals
     40416       4276       8308        764      10708     243422   ELF Image Totals (compressed)
     40416       4276       8308        764          0          0   ROM Totals

==============================================================================

    Total RO  Size (Code + RO Data)                48724 (  47.58kB)
    Total RW  Size (RW Data + ZI Data)             12136 (  11.85kB)
    Total ROM Size (Code + RO Data + RW Data)      49488 (  48.33kB)

==============================================================================

